Component: ARM Compiler 5.06 update 6 (build 750) Tool: armlink [4d35ed]

==============================================================================

Section Cross References

    main.o(.text) refers to serial_debug.o(.text) for init_serial_debug
    main.o(.text) refers to lcd.o(.text) for lcd_config_gpio
    main.o(.text) refers to ps2-new.o(.text) for ps2_initialize
    main.o(.text) refers to ft6x06.o(.text) for ft6x06_init
    main.o(.text) refers to eeprom.o(.text) for eeprom_init
    main.o(.text) refers to timers.o(.text) for gp_timer_config_32
    main.o(.text) refers to project_images.o(.constdata) for Image_2DBitmaps
    main.o(.text) refers to rand.o(.text) for srand
    main.o(.text) refers to printf1.o(i.__0printf$1) for __2printf
    main.o(.text) refers to project_interrupts.o(.data) for ALERT_DRAW
    project_interrupts.o(.text) refers to project_interrupts.o(.data) for PS2_X_DATA
    project_interrupts.o(.text) refers to project_interrupts.o(.bss) for LEDs
    pc_buffer.o(.text) refers to malloc.o(i.malloc) for malloc
    lcd.o(.text) refers to gpio_port.o(.text) for gpio_enable_port
    serial_debug.o(.text) refers to pc_buffer.o(.text) for pc_buffer_empty
    serial_debug.o(.text) refers to main.o(.text) for DisableInterrupts
    serial_debug.o(.text) refers to uart.o(.text) for uart_tx_poll
    serial_debug.o(.text) refers to gpio_port.o(.text) for gpio_enable_port
    serial_debug.o(.text) refers to serial_debug.o(.data) for Tx_Interrupts_Enabled
    serial_debug.o(.text) refers to serial_debug.o(.bss) for UART0_Tx_Buffer
    serial_debug.o(.text) refers to stdout.o(.data) for __stdout
    ps2-new.o(.text) refers to gpio_port.o(.text) for gpio_enable_port
    ft6x06.o(.text) refers to i2c.o(.text) for I2CMasterBusy
    ft6x06.o(.text) refers to gpio_port.o(.text) for gpio_enable_port
    eeprom.o(.text) refers to i2c.o(.text) for i2cVerifyBaseAddr
    eeprom.o(.text) refers to gpio_port.o(.text) for gpio_enable_port
    startup_tm4c123.o(RESET) refers to startup_tm4c123.o(STACK) for __initial_sp
    startup_tm4c123.o(RESET) refers to startup_tm4c123.o(.text) for Reset_Handler
    startup_tm4c123.o(RESET) refers to serial_debug.o(.text) for UART0_Handler
    startup_tm4c123.o(RESET) refers to project_interrupts.o(.text) for ADC0SS2_Handler
    startup_tm4c123.o(.text) refers to system_tm4c123.o(.text) for SystemInit
    startup_tm4c123.o(.text) refers to entry.o(.ARM.Collect$$$$00000000) for __main
    system_tm4c123.o(.text) refers to system_tm4c123.o(.data) for SystemCoreClock
    entry.o(.ARM.Collect$$$$00000000) refers (Special) to entry10a.o(.ARM.Collect$$$$0000000D) for __rt_final_cpp
    entry.o(.ARM.Collect$$$$00000000) refers (Special) to entry11a.o(.ARM.Collect$$$$0000000F) for __rt_final_exit
    entry.o(.ARM.Collect$$$$00000000) refers (Special) to entry7b.o(.ARM.Collect$$$$00000008) for _main_clock
    entry.o(.ARM.Collect$$$$00000000) refers (Special) to entry8b.o(.ARM.Collect$$$$0000000A) for _main_cpp_init
    entry.o(.ARM.Collect$$$$00000000) refers (Special) to entry9a.o(.ARM.Collect$$$$0000000B) for _main_init
    entry.o(.ARM.Collect$$$$00000000) refers (Special) to entry5.o(.ARM.Collect$$$$00000004) for _main_scatterload
    entry.o(.ARM.Collect$$$$00000000) refers (Special) to entry2.o(.ARM.Collect$$$$00000001) for _main_stk
    rand.o(.text) refers to rand.o(.data) for .data
    printfb.o(i.__0fprintf$bare) refers to printfb.o(i._printf_core) for _printf_core
    printfb.o(i.__0fprintf$bare) refers to serial_debug.o(.text) for fputc
    printfb.o(i.__0printf$bare) refers to printfb.o(i._printf_core) for _printf_core
    printfb.o(i.__0printf$bare) refers to serial_debug.o(.text) for fputc
    printfb.o(i.__0printf$bare) refers to stdout.o(.data) for __stdout
    printfb.o(i.__0snprintf$bare) refers to printfb.o(i._printf_core) for _printf_core
    printfb.o(i.__0snprintf$bare) refers to printfb.o(i._snputc) for _snputc
    printfb.o(i.__0sprintf$bare) refers to printfb.o(i._printf_core) for _printf_core
    printfb.o(i.__0sprintf$bare) refers to printfb.o(i._sputc) for _sputc
    printfb.o(i.__0vfprintf$bare) refers to printfb.o(i._printf_core) for _printf_core
    printfb.o(i.__0vfprintf$bare) refers to serial_debug.o(.text) for fputc
    printfb.o(i.__0vprintf$bare) refers to printfb.o(i._printf_core) for _printf_core
    printfb.o(i.__0vprintf$bare) refers to serial_debug.o(.text) for fputc
    printfb.o(i.__0vprintf$bare) refers to stdout.o(.data) for __stdout
    printfb.o(i.__0vsnprintf$bare) refers to printfb.o(i._printf_core) for _printf_core
    printfb.o(i.__0vsnprintf$bare) refers to printfb.o(i._snputc) for _snputc
    printfb.o(i.__0vsprintf$bare) refers to printfb.o(i._printf_core) for _printf_core
    printfb.o(i.__0vsprintf$bare) refers to printfb.o(i._sputc) for _sputc
    printf0.o(i.__0fprintf$0) refers to printf0.o(i._printf_core) for _printf_core
    printf0.o(i.__0fprintf$0) refers to serial_debug.o(.text) for fputc
    printf0.o(i.__0printf$0) refers to printf0.o(i._printf_core) for _printf_core
    printf0.o(i.__0printf$0) refers to serial_debug.o(.text) for fputc
    printf0.o(i.__0printf$0) refers to stdout.o(.data) for __stdout
    printf0.o(i.__0snprintf$0) refers to printf0.o(i._printf_core) for _printf_core
    printf0.o(i.__0snprintf$0) refers to printf0.o(i._snputc) for _snputc
    printf0.o(i.__0sprintf$0) refers to printf0.o(i._printf_core) for _printf_core
    printf0.o(i.__0sprintf$0) refers to printf0.o(i._sputc) for _sputc
    printf0.o(i.__0vfprintf$0) refers to printf0.o(i._printf_core) for _printf_core
    printf0.o(i.__0vfprintf$0) refers to serial_debug.o(.text) for fputc
    printf0.o(i.__0vprintf$0) refers to printf0.o(i._printf_core) for _printf_core
    printf0.o(i.__0vprintf$0) refers to serial_debug.o(.text) for fputc
    printf0.o(i.__0vprintf$0) refers to stdout.o(.data) for __stdout
    printf0.o(i.__0vsnprintf$0) refers to printf0.o(i._printf_core) for _printf_core
    printf0.o(i.__0vsnprintf$0) refers to printf0.o(i._snputc) for _snputc
    printf0.o(i.__0vsprintf$0) refers to printf0.o(i._printf_core) for _printf_core
    printf0.o(i.__0vsprintf$0) refers to printf0.o(i._sputc) for _sputc
    printf1.o(i.__0fprintf$1) refers to printf1.o(i._printf_core) for _printf_core
    printf1.o(i.__0fprintf$1) refers to serial_debug.o(.text) for fputc
    printf1.o(i.__0printf$1) refers to printf1.o(i._printf_core) for _printf_core
    printf1.o(i.__0printf$1) refers to serial_debug.o(.text) for fputc
    printf1.o(i.__0printf$1) refers to stdout.o(.data) for __stdout
    printf1.o(i.__0snprintf$1) refers to printf1.o(i._printf_core) for _printf_core
    printf1.o(i.__0snprintf$1) refers to printf1.o(i._snputc) for _snputc
    printf1.o(i.__0sprintf$1) refers to printf1.o(i._printf_core) for _printf_core
    printf1.o(i.__0sprintf$1) refers to printf1.o(i._sputc) for _sputc
    printf1.o(i.__0vfprintf$1) refers to printf1.o(i._printf_core) for _printf_core
    printf1.o(i.__0vfprintf$1) refers to serial_debug.o(.text) for fputc
    printf1.o(i.__0vprintf$1) refers to printf1.o(i._printf_core) for _printf_core
    printf1.o(i.__0vprintf$1) refers to serial_debug.o(.text) for fputc
    printf1.o(i.__0vprintf$1) refers to stdout.o(.data) for __stdout
    printf1.o(i.__0vsnprintf$1) refers to printf1.o(i._printf_core) for _printf_core
    printf1.o(i.__0vsnprintf$1) refers to printf1.o(i._snputc) for _snputc
    printf1.o(i.__0vsprintf$1) refers to printf1.o(i._printf_core) for _printf_core
    printf1.o(i.__0vsprintf$1) refers to printf1.o(i._sputc) for _sputc
    printf1.o(i._printf_core) refers to uidiv.o(.text) for __aeabi_uidivmod
    printf2.o(i.__0fprintf$2) refers to printf2.o(i._printf_core) for _printf_core
    printf2.o(i.__0fprintf$2) refers to serial_debug.o(.text) for fputc
    printf2.o(i.__0printf$2) refers to printf2.o(i._printf_core) for _printf_core
    printf2.o(i.__0printf$2) refers to serial_debug.o(.text) for fputc
    printf2.o(i.__0printf$2) refers to stdout.o(.data) for __stdout
    printf2.o(i.__0snprintf$2) refers to printf2.o(i._printf_core) for _printf_core
    printf2.o(i.__0snprintf$2) refers to printf2.o(i._snputc) for _snputc
    printf2.o(i.__0sprintf$2) refers to printf2.o(i._printf_core) for _printf_core
    printf2.o(i.__0sprintf$2) refers to printf2.o(i._sputc) for _sputc
    printf2.o(i.__0vfprintf$2) refers to printf2.o(i._printf_core) for _printf_core
    printf2.o(i.__0vfprintf$2) refers to serial_debug.o(.text) for fputc
    printf2.o(i.__0vprintf$2) refers to printf2.o(i._printf_core) for _printf_core
    printf2.o(i.__0vprintf$2) refers to serial_debug.o(.text) for fputc
    printf2.o(i.__0vprintf$2) refers to stdout.o(.data) for __stdout
    printf2.o(i.__0vsnprintf$2) refers to printf2.o(i._printf_core) for _printf_core
    printf2.o(i.__0vsnprintf$2) refers to printf2.o(i._snputc) for _snputc
    printf2.o(i.__0vsprintf$2) refers to printf2.o(i._printf_core) for _printf_core
    printf2.o(i.__0vsprintf$2) refers to printf2.o(i._sputc) for _sputc
    printf3.o(i.__0fprintf$3) refers to printf3.o(i._printf_core) for _printf_core
    printf3.o(i.__0fprintf$3) refers to serial_debug.o(.text) for fputc
    printf3.o(i.__0printf$3) refers to printf3.o(i._printf_core) for _printf_core
    printf3.o(i.__0printf$3) refers to serial_debug.o(.text) for fputc
    printf3.o(i.__0printf$3) refers to stdout.o(.data) for __stdout
    printf3.o(i.__0snprintf$3) refers to printf3.o(i._printf_core) for _printf_core
    printf3.o(i.__0snprintf$3) refers to printf3.o(i._snputc) for _snputc
    printf3.o(i.__0sprintf$3) refers to printf3.o(i._printf_core) for _printf_core
    printf3.o(i.__0sprintf$3) refers to printf3.o(i._sputc) for _sputc
    printf3.o(i.__0vfprintf$3) refers to printf3.o(i._printf_core) for _printf_core
    printf3.o(i.__0vfprintf$3) refers to serial_debug.o(.text) for fputc
    printf3.o(i.__0vprintf$3) refers to printf3.o(i._printf_core) for _printf_core
    printf3.o(i.__0vprintf$3) refers to serial_debug.o(.text) for fputc
    printf3.o(i.__0vprintf$3) refers to stdout.o(.data) for __stdout
    printf3.o(i.__0vsnprintf$3) refers to printf3.o(i._printf_core) for _printf_core
    printf3.o(i.__0vsnprintf$3) refers to printf3.o(i._snputc) for _snputc
    printf3.o(i.__0vsprintf$3) refers to printf3.o(i._printf_core) for _printf_core
    printf3.o(i.__0vsprintf$3) refers to printf3.o(i._sputc) for _sputc
    printf3.o(i._printf_core) refers to uidiv.o(.text) for __aeabi_uidivmod
    printf4.o(i.__0fprintf$4) refers to printf4.o(i._printf_core) for _printf_core
    printf4.o(i.__0fprintf$4) refers to serial_debug.o(.text) for fputc
    printf4.o(i.__0printf$4) refers to printf4.o(i._printf_core) for _printf_core
    printf4.o(i.__0printf$4) refers to serial_debug.o(.text) for fputc
    printf4.o(i.__0printf$4) refers to stdout.o(.data) for __stdout
    printf4.o(i.__0snprintf$4) refers to printf4.o(i._printf_core) for _printf_core
    printf4.o(i.__0snprintf$4) refers to printf4.o(i._snputc) for _snputc
    printf4.o(i.__0sprintf$4) refers to printf4.o(i._printf_core) for _printf_core
    printf4.o(i.__0sprintf$4) refers to printf4.o(i._sputc) for _sputc
    printf4.o(i.__0vfprintf$4) refers to printf4.o(i._printf_core) for _printf_core
    printf4.o(i.__0vfprintf$4) refers to serial_debug.o(.text) for fputc
    printf4.o(i.__0vprintf$4) refers to printf4.o(i._printf_core) for _printf_core
    printf4.o(i.__0vprintf$4) refers to serial_debug.o(.text) for fputc
    printf4.o(i.__0vprintf$4) refers to stdout.o(.data) for __stdout
    printf4.o(i.__0vsnprintf$4) refers to printf4.o(i._printf_core) for _printf_core
    printf4.o(i.__0vsnprintf$4) refers to printf4.o(i._snputc) for _snputc
    printf4.o(i.__0vsprintf$4) refers to printf4.o(i._printf_core) for _printf_core
    printf4.o(i.__0vsprintf$4) refers to printf4.o(i._sputc) for _sputc
    printf4.o(i._printf_core) refers to uldiv.o(.text) for __aeabi_uldivmod
    printf5.o(i.__0fprintf$5) refers to printf5.o(i._printf_core) for _printf_core
    printf5.o(i.__0fprintf$5) refers to serial_debug.o(.text) for fputc
    printf5.o(i.__0printf$5) refers to printf5.o(i._printf_core) for _printf_core
    printf5.o(i.__0printf$5) refers to serial_debug.o(.text) for fputc
    printf5.o(i.__0printf$5) refers to stdout.o(.data) for __stdout
    printf5.o(i.__0snprintf$5) refers to printf5.o(i._printf_core) for _printf_core
    printf5.o(i.__0snprintf$5) refers to printf5.o(i._snputc) for _snputc
    printf5.o(i.__0sprintf$5) refers to printf5.o(i._printf_core) for _printf_core
    printf5.o(i.__0sprintf$5) refers to printf5.o(i._sputc) for _sputc
    printf5.o(i.__0vfprintf$5) refers to printf5.o(i._printf_core) for _printf_core
    printf5.o(i.__0vfprintf$5) refers to serial_debug.o(.text) for fputc
    printf5.o(i.__0vprintf$5) refers to printf5.o(i._printf_core) for _printf_core
    printf5.o(i.__0vprintf$5) refers to serial_debug.o(.text) for fputc
    printf5.o(i.__0vprintf$5) refers to stdout.o(.data) for __stdout
    printf5.o(i.__0vsnprintf$5) refers to printf5.o(i._printf_core) for _printf_core
    printf5.o(i.__0vsnprintf$5) refers to printf5.o(i._snputc) for _snputc
    printf5.o(i.__0vsprintf$5) refers to printf5.o(i._printf_core) for _printf_core
    printf5.o(i.__0vsprintf$5) refers to printf5.o(i._sputc) for _sputc
    printf5.o(i._printf_core) refers to uldiv.o(.text) for __aeabi_uldivmod
    printf6.o(i.__0fprintf$6) refers to printf6.o(i._printf_core) for _printf_core
    printf6.o(i.__0fprintf$6) refers to serial_debug.o(.text) for fputc
    printf6.o(i.__0printf$6) refers to printf6.o(i._printf_core) for _printf_core
    printf6.o(i.__0printf$6) refers to serial_debug.o(.text) for fputc
    printf6.o(i.__0printf$6) refers to stdout.o(.data) for __stdout
    printf6.o(i.__0snprintf$6) refers to printf6.o(i._printf_core) for _printf_core
    printf6.o(i.__0snprintf$6) refers to printf6.o(i._snputc) for _snputc
    printf6.o(i.__0sprintf$6) refers to printf6.o(i._printf_core) for _printf_core
    printf6.o(i.__0sprintf$6) refers to printf6.o(i._sputc) for _sputc
    printf6.o(i.__0vfprintf$6) refers to printf6.o(i._printf_core) for _printf_core
    printf6.o(i.__0vfprintf$6) refers to serial_debug.o(.text) for fputc
    printf6.o(i.__0vprintf$6) refers to printf6.o(i._printf_core) for _printf_core
    printf6.o(i.__0vprintf$6) refers to serial_debug.o(.text) for fputc
    printf6.o(i.__0vprintf$6) refers to stdout.o(.data) for __stdout
    printf6.o(i.__0vsnprintf$6) refers to printf6.o(i._printf_core) for _printf_core
    printf6.o(i.__0vsnprintf$6) refers to printf6.o(i._snputc) for _snputc
    printf6.o(i.__0vsprintf$6) refers to printf6.o(i._printf_core) for _printf_core
    printf6.o(i.__0vsprintf$6) refers to printf6.o(i._sputc) for _sputc
    printf6.o(i._printf_core) refers to printf6.o(i._printf_pre_padding) for _printf_pre_padding
    printf6.o(i._printf_core) refers to uidiv.o(.text) for __aeabi_uidivmod
    printf6.o(i._printf_core) refers to printf6.o(i._printf_post_padding) for _printf_post_padding
    printf7.o(i.__0fprintf$7) refers to printf7.o(i._printf_core) for _printf_core
    printf7.o(i.__0fprintf$7) refers to serial_debug.o(.text) for fputc
    printf7.o(i.__0printf$7) refers to printf7.o(i._printf_core) for _printf_core
    printf7.o(i.__0printf$7) refers to serial_debug.o(.text) for fputc
    printf7.o(i.__0printf$7) refers to stdout.o(.data) for __stdout
    printf7.o(i.__0snprintf$7) refers to printf7.o(i._printf_core) for _printf_core
    printf7.o(i.__0snprintf$7) refers to printf7.o(i._snputc) for _snputc
    printf7.o(i.__0sprintf$7) refers to printf7.o(i._printf_core) for _printf_core
    printf7.o(i.__0sprintf$7) refers to printf7.o(i._sputc) for _sputc
    printf7.o(i.__0vfprintf$7) refers to printf7.o(i._printf_core) for _printf_core
    printf7.o(i.__0vfprintf$7) refers to serial_debug.o(.text) for fputc
    printf7.o(i.__0vprintf$7) refers to printf7.o(i._printf_core) for _printf_core
    printf7.o(i.__0vprintf$7) refers to serial_debug.o(.text) for fputc
    printf7.o(i.__0vprintf$7) refers to stdout.o(.data) for __stdout
    printf7.o(i.__0vsnprintf$7) refers to printf7.o(i._printf_core) for _printf_core
    printf7.o(i.__0vsnprintf$7) refers to printf7.o(i._snputc) for _snputc
    printf7.o(i.__0vsprintf$7) refers to printf7.o(i._printf_core) for _printf_core
    printf7.o(i.__0vsprintf$7) refers to printf7.o(i._sputc) for _sputc
    printf7.o(i._printf_core) refers to printf7.o(i._printf_pre_padding) for _printf_pre_padding
    printf7.o(i._printf_core) refers to uldiv.o(.text) for __aeabi_uldivmod
    printf7.o(i._printf_core) refers to printf7.o(i._printf_post_padding) for _printf_post_padding
    printf8.o(i.__0fprintf$8) refers to printf8.o(i._printf_core) for _printf_core
    printf8.o(i.__0fprintf$8) refers to serial_debug.o(.text) for fputc
    printf8.o(i.__0printf$8) refers to printf8.o(i._printf_core) for _printf_core
    printf8.o(i.__0printf$8) refers to serial_debug.o(.text) for fputc
    printf8.o(i.__0printf$8) refers to stdout.o(.data) for __stdout
    printf8.o(i.__0snprintf$8) refers to printf8.o(i._printf_core) for _printf_core
    printf8.o(i.__0snprintf$8) refers to printf8.o(i._snputc) for _snputc
    printf8.o(i.__0sprintf$8) refers to printf8.o(i._printf_core) for _printf_core
    printf8.o(i.__0sprintf$8) refers to printf8.o(i._sputc) for _sputc
    printf8.o(i.__0vfprintf$8) refers to printf8.o(i._printf_core) for _printf_core
    printf8.o(i.__0vfprintf$8) refers to serial_debug.o(.text) for fputc
    printf8.o(i.__0vprintf$8) refers to printf8.o(i._printf_core) for _printf_core
    printf8.o(i.__0vprintf$8) refers to serial_debug.o(.text) for fputc
    printf8.o(i.__0vprintf$8) refers to stdout.o(.data) for __stdout
    printf8.o(i.__0vsnprintf$8) refers to printf8.o(i._printf_core) for _printf_core
    printf8.o(i.__0vsnprintf$8) refers to printf8.o(i._snputc) for _snputc
    printf8.o(i.__0vsprintf$8) refers to printf8.o(i._printf_core) for _printf_core
    printf8.o(i.__0vsprintf$8) refers to printf8.o(i._sputc) for _sputc
    printf8.o(i._printf_core) refers to printf8.o(i._printf_pre_padding) for _printf_pre_padding
    printf8.o(i._printf_core) refers to uldiv.o(.text) for __aeabi_uldivmod
    printf8.o(i._printf_core) refers to printf8.o(i._printf_post_padding) for _printf_post_padding
    printfa.o(i.__0fprintf) refers (Special) to iusefp.o(.text) for __I$use$fp
    printfa.o(i.__0fprintf) refers to printfa.o(i._printf_core) for _printf_core
    printfa.o(i.__0fprintf) refers to serial_debug.o(.text) for fputc
    printfa.o(i.__0printf) refers (Special) to iusefp.o(.text) for __I$use$fp
    printfa.o(i.__0printf) refers to printfa.o(i._printf_core) for _printf_core
    printfa.o(i.__0printf) refers to serial_debug.o(.text) for fputc
    printfa.o(i.__0printf) refers to stdout.o(.data) for __stdout
    printfa.o(i.__0snprintf) refers (Special) to iusefp.o(.text) for __I$use$fp
    printfa.o(i.__0snprintf) refers to printfa.o(i._printf_core) for _printf_core
    printfa.o(i.__0snprintf) refers to printfa.o(i._snputc) for _snputc
    printfa.o(i.__0sprintf) refers (Special) to iusefp.o(.text) for __I$use$fp
    printfa.o(i.__0sprintf) refers to printfa.o(i._printf_core) for _printf_core
    printfa.o(i.__0sprintf) refers to printfa.o(i._sputc) for _sputc
    printfa.o(i.__0vfprintf) refers (Special) to iusefp.o(.text) for __I$use$fp
    printfa.o(i.__0vfprintf) refers to printfa.o(i._printf_core) for _printf_core
    printfa.o(i.__0vfprintf) refers to serial_debug.o(.text) for fputc
    printfa.o(i.__0vprintf) refers (Special) to iusefp.o(.text) for __I$use$fp
    printfa.o(i.__0vprintf) refers to printfa.o(i._printf_core) for _printf_core
    printfa.o(i.__0vprintf) refers to serial_debug.o(.text) for fputc
    printfa.o(i.__0vprintf) refers to stdout.o(.data) for __stdout
    printfa.o(i.__0vsnprintf) refers (Special) to iusefp.o(.text) for __I$use$fp
    printfa.o(i.__0vsnprintf) refers to printfa.o(i._printf_core) for _printf_core
    printfa.o(i.__0vsnprintf) refers to printfa.o(i._snputc) for _snputc
    printfa.o(i.__0vsprintf) refers (Special) to iusefp.o(.text) for __I$use$fp
    printfa.o(i.__0vsprintf) refers to printfa.o(i._printf_core) for _printf_core
    printfa.o(i.__0vsprintf) refers to printfa.o(i._sputc) for _sputc
    printfa.o(i._fp_digits) refers (Special) to iusefp.o(.text) for __I$use$fp
    printfa.o(i._fp_digits) refers to dmul.o(.text) for __aeabi_dmul
    printfa.o(i._fp_digits) refers to ddiv.o(.text) for __aeabi_ddiv
    printfa.o(i._fp_digits) refers to cdrcmple.o(.text) for __aeabi_cdrcmple
    printfa.o(i._fp_digits) refers to dadd.o(.text) for __aeabi_dadd
    printfa.o(i._fp_digits) refers to dfixul.o(.text) for __aeabi_d2ulz
    printfa.o(i._fp_digits) refers to uldiv.o(.text) for __aeabi_uldivmod
    printfa.o(i._printf_core) refers (Special) to iusefp.o(.text) for __I$use$fp
    printfa.o(i._printf_core) refers to printfa.o(i._printf_pre_padding) for _printf_pre_padding
    printfa.o(i._printf_core) refers to uldiv.o(.text) for __aeabi_uldivmod
    printfa.o(i._printf_core) refers to printfa.o(i._printf_post_padding) for _printf_post_padding
    printfa.o(i._printf_core) refers to printfa.o(i._fp_digits) for _fp_digits
    printfa.o(i._printf_core) refers to uidiv.o(.text) for __aeabi_uidivmod
    printfa.o(i._printf_post_padding) refers (Special) to iusefp.o(.text) for __I$use$fp
    printfa.o(i._printf_pre_padding) refers (Special) to iusefp.o(.text) for __I$use$fp
    printfa.o(i._snputc) refers (Special) to iusefp.o(.text) for __I$use$fp
    printfa.o(i._sputc) refers (Special) to iusefp.o(.text) for __I$use$fp
    malloc.o(i.free) refers to mvars.o(.data) for __microlib_freelist
    malloc.o(i.malloc) refers to mvars.o(.data) for __microlib_freelist_initialised
    malloc.o(i.malloc) refers to mvars.o(.data) for __microlib_freelist
    malloc.o(i.malloc) refers to startup_tm4c123.o(HEAP) for __heap_base
    mallocr.o(i.__free$realloc) refers to mvars.o(.data) for __microlib_freelist
    mallocr.o(i.__malloc$realloc) refers to mallocr.o(i.internal_alloc) for internal_alloc
    mallocr.o(i.__malloc$realloc) refers to mvars.o(.data) for __microlib_freelist_initialised
    mallocr.o(i.__malloc$realloc) refers to startup_tm4c123.o(HEAP) for __heap_base
    mallocr.o(i.__malloc$realloc) refers to mvars.o(.data) for __microlib_freelist
    mallocr.o(i.internal_alloc) refers to memcpya.o(.text) for __aeabi_memcpy
    mallocr.o(i.internal_alloc) refers to mvars.o(.data) for __microlib_freelist
    mallocr.o(i.realloc) refers to mallocr.o(i.__free$realloc) for __free$realloc
    mallocr.o(i.realloc) refers to mallocr.o(i.internal_alloc) for internal_alloc
    mallocr.o(i.realloc) refers to mallocr.o(i.__malloc$realloc) for __malloc$realloc
    mallocr.o(i.realloc) refers to mvars.o(.data) for __microlib_freelist
    malloca.o(i.__aligned_malloc) refers to mvars.o(.data) for __microlib_freelist_initialised
    malloca.o(i.__aligned_malloc) refers to mvars.o(.data) for __microlib_freelist
    malloca.o(i.__aligned_malloc) refers to startup_tm4c123.o(HEAP) for __heap_base
    malloca.o(i.__free$memalign) refers to mvars.o(.data) for __microlib_freelist
    malloca.o(i.__malloc$memalign) refers to malloca.o(i.__aligned_malloc) for __aligned_malloc
    mallocra.o(i.__aligned_malloc$realloc) refers to mallocra.o(i.internal_alloc) for internal_alloc
    mallocra.o(i.__aligned_malloc$realloc) refers to mvars.o(.data) for __microlib_freelist_initialised
    mallocra.o(i.__aligned_malloc$realloc) refers to startup_tm4c123.o(HEAP) for __heap_base
    mallocra.o(i.__aligned_malloc$realloc) refers to mvars.o(.data) for __microlib_freelist
    mallocra.o(i.__free$realloc$memalign) refers to mvars.o(.data) for __microlib_freelist
    mallocra.o(i.__malloc$realloc$memalign) refers to mallocra.o(i.__aligned_malloc$realloc) for __aligned_malloc$realloc
    mallocra.o(i.__realloc$memalign) refers to mallocra.o(i.__free$realloc$memalign) for __free$realloc$memalign
    mallocra.o(i.__realloc$memalign) refers to mallocra.o(i.internal_alloc) for internal_alloc
    mallocra.o(i.__realloc$memalign) refers to mallocra.o(i.__malloc$realloc$memalign) for __malloc$realloc$memalign
    mallocra.o(i.__realloc$memalign) refers to mvars.o(.data) for __microlib_freelist
    mallocra.o(i.internal_alloc) refers to memcpya.o(.text) for __aeabi_memcpy
    mallocra.o(i.internal_alloc) refers to mvars.o(.data) for __microlib_freelist
    entry2.o(.ARM.Collect$$$$00000001) refers to entry2.o(.ARM.Collect$$$$00002712) for __lit__00000000
    entry2.o(.ARM.Collect$$$$00002712) refers to startup_tm4c123.o(STACK) for __initial_sp
    entry2.o(__vectab_stack_and_reset_area) refers to startup_tm4c123.o(STACK) for __initial_sp
    entry2.o(__vectab_stack_and_reset_area) refers to entry.o(.ARM.Collect$$$$00000000) for __main
    entry5.o(.ARM.Collect$$$$00000004) refers to init.o(.text) for __scatterload
    entry9a.o(.ARM.Collect$$$$0000000B) refers to main.o(.text) for main
    entry9b.o(.ARM.Collect$$$$0000000C) refers to main.o(.text) for main
    uldiv.o(.text) refers to llushr.o(.text) for __aeabi_llsr
    uldiv.o(.text) refers to llshl.o(.text) for __aeabi_llsl
    dadd.o(.text) refers to llshl.o(.text) for __aeabi_llsl
    dadd.o(.text) refers to llsshr.o(.text) for __aeabi_lasr
    dadd.o(.text) refers to depilogue.o(.text) for _double_epilogue
    dmul.o(.text) refers to depilogue.o(.text) for _double_epilogue
    ddiv.o(.text) refers to depilogue.o(.text) for _double_round
    dfixul.o(.text) refers to llushr.o(.text) for __aeabi_llsr
    dfixul.o(.text) refers to llshl.o(.text) for __aeabi_llsl
    init.o(.text) refers to entry5.o(.ARM.Collect$$$$00000004) for __main_after_scatterload
    depilogue.o(.text) refers to llshl.o(.text) for __aeabi_llsl
    depilogue.o(.text) refers to llushr.o(.text) for __aeabi_llsr


==============================================================================

Removing Unused input sections from the image.

    Removing main.o(.rev16_text), (4 bytes).
    Removing main.o(.revsh_text), (4 bytes).
    Removing main.o(.rrx_text), (6 bytes).
    Removing main.o(.constdata), (80 bytes).
    Removing project_interrupts.o(.rev16_text), (4 bytes).
    Removing project_interrupts.o(.revsh_text), (4 bytes).
    Removing project_interrupts.o(.rrx_text), (6 bytes).
    Removing adc.o(.rev16_text), (4 bytes).
    Removing adc.o(.revsh_text), (4 bytes).
    Removing adc.o(.rrx_text), (6 bytes).
    Removing adc.o(.text), (296 bytes).
    Removing gpio_port.o(.rev16_text), (4 bytes).
    Removing gpio_port.o(.revsh_text), (4 bytes).
    Removing gpio_port.o(.rrx_text), (6 bytes).
    Removing timers.o(.rev16_text), (4 bytes).
    Removing timers.o(.revsh_text), (4 bytes).
    Removing timers.o(.rrx_text), (6 bytes).
    Removing gptimer.o(.rev16_text), (4 bytes).
    Removing gptimer.o(.revsh_text), (4 bytes).
    Removing gptimer.o(.rrx_text), (6 bytes).
    Removing gptimer.o(.text), (892 bytes).
    Removing uart.o(.rev16_text), (4 bytes).
    Removing uart.o(.revsh_text), (4 bytes).
    Removing uart.o(.rrx_text), (6 bytes).
    Removing i2c.o(.rev16_text), (4 bytes).
    Removing i2c.o(.revsh_text), (4 bytes).
    Removing i2c.o(.rrx_text), (6 bytes).
    Removing lcd.o(.rev16_text), (4 bytes).
    Removing lcd.o(.revsh_text), (4 bytes).
    Removing lcd.o(.rrx_text), (6 bytes).
    Removing serial_debug.o(.rev16_text), (4 bytes).
    Removing serial_debug.o(.revsh_text), (4 bytes).
    Removing serial_debug.o(.rrx_text), (6 bytes).
    Removing ps2-new.o(.rev16_text), (4 bytes).
    Removing ps2-new.o(.revsh_text), (4 bytes).
    Removing ps2-new.o(.rrx_text), (6 bytes).
    Removing ft6x06.o(.rev16_text), (4 bytes).
    Removing ft6x06.o(.revsh_text), (4 bytes).
    Removing ft6x06.o(.rrx_text), (6 bytes).
    Removing ws2812b.o(FLASH), (160 bytes).
    Removing eeprom.o(.rev16_text), (4 bytes).
    Removing eeprom.o(.revsh_text), (4 bytes).
    Removing eeprom.o(.rrx_text), (6 bytes).
    Removing system_tm4c123.o(.rev16_text), (4 bytes).
    Removing system_tm4c123.o(.revsh_text), (4 bytes).
    Removing system_tm4c123.o(.rrx_text), (6 bytes).
    Removing dadd.o(.text), (334 bytes).
    Removing dmul.o(.text), (228 bytes).
    Removing ddiv.o(.text), (222 bytes).
    Removing dfixul.o(.text), (48 bytes).
    Removing cdrcmple.o(.text), (48 bytes).
    Removing depilogue.o(.text), (186 bytes).

52 unused section(s) (total 2690 bytes) removed from the image.

==============================================================================

Image Symbol Table

    Local Symbols

    Symbol Name                              Value     Ov Type        Size  Object(Section)

    RESET                                    0x00000000   Section      620  startup_tm4c123.o(RESET)
    ../clib/microlib/division.c              0x00000000   Number         0  uldiv.o ABSOLUTE
    ../clib/microlib/division.c              0x00000000   Number         0  uidiv.o ABSOLUTE
    ../clib/microlib/init/entry.s            0x00000000   Number         0  entry9a.o ABSOLUTE
    ../clib/microlib/init/entry.s            0x00000000   Number         0  entry8b.o ABSOLUTE
    ../clib/microlib/init/entry.s            0x00000000   Number         0  entry10b.o ABSOLUTE
    ../clib/microlib/init/entry.s            0x00000000   Number         0  entry11b.o ABSOLUTE
    ../clib/microlib/init/entry.s            0x00000000   Number         0  entry11a.o ABSOLUTE
    ../clib/microlib/init/entry.s            0x00000000   Number         0  entry2.o ABSOLUTE
    ../clib/microlib/init/entry.s            0x00000000   Number         0  entry8a.o ABSOLUTE
    ../clib/microlib/init/entry.s            0x00000000   Number         0  entry10a.o ABSOLUTE
    ../clib/microlib/init/entry.s            0x00000000   Number         0  entry5.o ABSOLUTE
    ../clib/microlib/init/entry.s            0x00000000   Number         0  entry7a.o ABSOLUTE
    ../clib/microlib/init/entry.s            0x00000000   Number         0  entry9b.o ABSOLUTE
    ../clib/microlib/init/entry.s            0x00000000   Number         0  entry.o ABSOLUTE
    ../clib/microlib/init/entry.s            0x00000000   Number         0  entry7b.o ABSOLUTE
    ../clib/microlib/longlong.c              0x00000000   Number         0  llshl.o ABSOLUTE
    ../clib/microlib/longlong.c              0x00000000   Number         0  llushr.o ABSOLUTE
    ../clib/microlib/longlong.c              0x00000000   Number         0  llsshr.o ABSOLUTE
    ../clib/microlib/malloc/malloc.c         0x00000000   Number         0  malloca.o ABSOLUTE
    ../clib/microlib/malloc/malloc.c         0x00000000   Number         0  mallocr.o ABSOLUTE
    ../clib/microlib/malloc/malloc.c         0x00000000   Number         0  malloc.o ABSOLUTE
    ../clib/microlib/malloc/malloc.c         0x00000000   Number         0  mallocra.o ABSOLUTE
    ../clib/microlib/malloc/mvars.c          0x00000000   Number         0  mvars.o ABSOLUTE
    ../clib/microlib/printf/printf.c         0x00000000   Number         0  printf3.o ABSOLUTE
    ../clib/microlib/printf/printf.c         0x00000000   Number         0  printf5.o ABSOLUTE
    ../clib/microlib/printf/printf.c         0x00000000   Number         0  printf4.o ABSOLUTE
    ../clib/microlib/printf/printf.c         0x00000000   Number         0  printf6.o ABSOLUTE
    ../clib/microlib/printf/printf.c         0x00000000   Number         0  printf7.o ABSOLUTE
    ../clib/microlib/printf/printf.c         0x00000000   Number         0  printf8.o ABSOLUTE
    ../clib/microlib/printf/printf.c         0x00000000   Number         0  printfa.o ABSOLUTE
    ../clib/microlib/printf/printf.c         0x00000000   Number         0  printfb.o ABSOLUTE
    ../clib/microlib/printf/printf.c         0x00000000   Number         0  printf0.o ABSOLUTE
    ../clib/microlib/printf/printf.c         0x00000000   Number         0  printf1.o ABSOLUTE
    ../clib/microlib/printf/printf.c         0x00000000   Number         0  printf2.o ABSOLUTE
    ../clib/microlib/printf/stubs.s          0x00000000   Number         0  stubs.o ABSOLUTE
    ../clib/microlib/stdio/streams.c         0x00000000   Number         0  stdout.o ABSOLUTE
    ../clib/microlib/stdlib/rand.c           0x00000000   Number         0  rand.o ABSOLUTE
    ../clib/microlib/string/memcpy.c         0x00000000   Number         0  memcpya.o ABSOLUTE
    ../clib/microlib/string/memcpy.c         0x00000000   Number         0  memcpyb.o ABSOLUTE
    ../clib/microlib/stubs.s                 0x00000000   Number         0  iusefp.o ABSOLUTE
    ../fplib/microlib/fpadd.c                0x00000000   Number         0  dadd.o ABSOLUTE
    ../fplib/microlib/fpdiv.c                0x00000000   Number         0  ddiv.o ABSOLUTE
    ../fplib/microlib/fpepilogue.c           0x00000000   Number         0  depilogue.o ABSOLUTE
    ../fplib/microlib/fpfix.c                0x00000000   Number         0  dfixul.o ABSOLUTE
    ../fplib/microlib/fpmul.c                0x00000000   Number         0  dmul.o ABSOLUTE
    ..\\drivers\\c\\adc.c                    0x00000000   Number         0  adc.o ABSOLUTE
    ..\\drivers\\c\\gpio_port.c              0x00000000   Number         0  gpio_port.o ABSOLUTE
    ..\\drivers\\c\\gptimer.c                0x00000000   Number         0  gptimer.o ABSOLUTE
    ..\\drivers\\c\\i2c.c                    0x00000000   Number         0  i2c.o ABSOLUTE
    ..\\drivers\\c\\timers.c                 0x00000000   Number         0  timers.o ABSOLUTE
    ..\\drivers\\c\\uart.c                   0x00000000   Number         0  uart.o ABSOLUTE
    ..\\peripherals\\c\\eeprom.c             0x00000000   Number         0  eeprom.o ABSOLUTE
    ..\\peripherals\\c\\ft6x06.c             0x00000000   Number         0  ft6x06.o ABSOLUTE
    ..\\peripherals\\c\\lcd.c                0x00000000   Number         0  lcd.o ABSOLUTE
    ..\\peripherals\\c\\ps2-new.c            0x00000000   Number         0  ps2-new.o ABSOLUTE
    ..\\peripherals\\c\\serial_debug.c       0x00000000   Number         0  serial_debug.o ABSOLUTE
    ..\drivers\c\adc.c                       0x00000000   Number         0  adc.o ABSOLUTE
    ..\drivers\c\gpio_port.c                 0x00000000   Number         0  gpio_port.o ABSOLUTE
    ..\drivers\c\gptimer.c                   0x00000000   Number         0  gptimer.o ABSOLUTE
    ..\drivers\c\i2c.c                       0x00000000   Number         0  i2c.o ABSOLUTE
    ..\drivers\c\pc_buffer.c                 0x00000000   Number         0  pc_buffer.o ABSOLUTE
    ..\drivers\c\timers.c                    0x00000000   Number         0  timers.o ABSOLUTE
    ..\drivers\c\uart.c                      0x00000000   Number         0  uart.o ABSOLUTE
    ..\peripherals\c\eeprom.c                0x00000000   Number         0  eeprom.o ABSOLUTE
    ..\peripherals\c\ft6x06.c                0x00000000   Number         0  ft6x06.o ABSOLUTE
    ..\peripherals\c\lcd.c                   0x00000000   Number         0  lcd.o ABSOLUTE
    ..\peripherals\c\ps2-new.c               0x00000000   Number         0  ps2-new.o ABSOLUTE
    ..\peripherals\c\serial_debug.c          0x00000000   Number         0  serial_debug.o ABSOLUTE
    ..\peripherals\c\ws2812b.s               0x00000000   Number         0  ws2812b.o ABSOLUTE
    RTE\Device\TM4C123GH6PM\startup_TM4C123.s 0x00000000   Number         0  startup_tm4c123.o ABSOLUTE
    RTE\Device\TM4C123GH6PM\system_TM4C123.c 0x00000000   Number         0  system_tm4c123.o ABSOLUTE
    RTE\\Device\\TM4C123GH6PM\\system_TM4C123.c 0x00000000   Number         0  system_tm4c123.o ABSOLUTE
    cdrcmple.s                               0x00000000   Number         0  cdrcmple.o ABSOLUTE
    dc.s                                     0x00000000   Number         0  dc.o ABSOLUTE
    handlers.s                               0x00000000   Number         0  handlers.o ABSOLUTE
    init.s                                   0x00000000   Number         0  init.o ABSOLUTE
    main.c                                   0x00000000   Number         0  main.o ABSOLUTE
    main.c                                   0x00000000   Number         0  main.o ABSOLUTE
    project_images.c                         0x00000000   Number         0  project_images.o ABSOLUTE
    project_interrupts.c                     0x00000000   Number         0  project_interrupts.o ABSOLUTE
    project_interrupts.c                     0x00000000   Number         0  project_interrupts.o ABSOLUTE
    .ARM.Collect$$$$00000000                 0x0000026c   Section        0  entry.o(.ARM.Collect$$$$00000000)
    .ARM.Collect$$$$00000001                 0x0000026c   Section        4  entry2.o(.ARM.Collect$$$$00000001)
    .ARM.Collect$$$$00000004                 0x00000270   Section        4  entry5.o(.ARM.Collect$$$$00000004)
    .ARM.Collect$$$$00000008                 0x00000274   Section        0  entry7b.o(.ARM.Collect$$$$00000008)
    .ARM.Collect$$$$0000000A                 0x00000274   Section        0  entry8b.o(.ARM.Collect$$$$0000000A)
    .ARM.Collect$$$$0000000B                 0x00000274   Section        8  entry9a.o(.ARM.Collect$$$$0000000B)
    .ARM.Collect$$$$0000000D                 0x0000027c   Section        0  entry10a.o(.ARM.Collect$$$$0000000D)
    .ARM.Collect$$$$0000000F                 0x0000027c   Section        0  entry11a.o(.ARM.Collect$$$$0000000F)
    .ARM.Collect$$$$00002712                 0x0000027c   Section        4  entry2.o(.ARM.Collect$$$$00002712)
    __lit__00000000                          0x0000027c   Data           4  entry2.o(.ARM.Collect$$$$00002712)
    .text                                    0x00000280   Section        0  main.o(.text)
    .text                                    0x00000ae0   Section        0  project_interrupts.o(.text)
    .text                                    0x00000c10   Section        0  gpio_port.o(.text)
    verify_base_addr                         0x00000c11   Thumb Code    64  gpio_port.o(.text)
    .text                                    0x00000ed4   Section        0  timers.o(.text)
    verify_base_addr                         0x00000ed5   Thumb Code    64  timers.o(.text)
    get_clock_masks                          0x00000f5f   Thumb Code   106  timers.o(.text)
    .text                                    0x0000111c   Section        0  uart.o(.text)
    .text                                    0x000013a4   Section        0  pc_buffer.o(.text)
    .text                                    0x00001420   Section        0  i2c.o(.text)
    .text                                    0x00001628   Section        0  lcd.o(.text)
    lcd_write_cmd_u8                         0x00001643   Thumb Code    40  lcd.o(.text)
    lcd_write_data_u8                        0x0000166b   Thumb Code    28  lcd.o(.text)
    lcd_write_data_u16                       0x00001687   Thumb Code    48  lcd.o(.text)
    .text                                    0x00002170   Section        0  serial_debug.o(.text)
    .text                                    0x0000238c   Section        0  ps2-new.o(.text)
    initialize_adc_gpio_pins                 0x0000238d   Thumb Code    34  ps2-new.o(.text)
    ps2_configure_adc                        0x000023af   Thumb Code   118  ps2-new.o(.text)
    .text                                    0x000024a4   Section        0  ft6x06.o(.text)
    ft6x06_set_addr                          0x000024a5   Thumb Code    52  ft6x06.o(.text)
    ft6x06_read_data                         0x000024d9   Thumb Code    52  ft6x06.o(.text)
    .text                                    0x0000262c   Section        0  eeprom.o(.text)
    eeprom_wait_for_write                    0x0000262d   Thumb Code    68  eeprom.o(.text)
    .text                                    0x000027e8   Section      252  startup_tm4c123.o(.text)
    $v0                                      0x000027e8   Number         0  startup_tm4c123.o(.text)
    .text                                    0x000028e4   Section        0  system_tm4c123.o(.text)
    getOscClk                                0x000028e5   Thumb Code   182  system_tm4c123.o(.text)
    .text                                    0x00002b34   Section        0  rand.o(.text)
    .text                                    0x00002b58   Section        0  uidiv.o(.text)
    .text                                    0x00002b84   Section       36  init.o(.text)
    i.__0printf$1                            0x00002ba8   Section        0  printf1.o(i.__0printf$1)
    i.__scatterload_copy                     0x00002bc8   Section       14  handlers.o(i.__scatterload_copy)
    i.__scatterload_null                     0x00002bd6   Section        2  handlers.o(i.__scatterload_null)
    i.__scatterload_zeroinit                 0x00002bd8   Section       14  handlers.o(i.__scatterload_zeroinit)
    i._printf_core                           0x00002be8   Section        0  printf1.o(i._printf_core)
    _printf_core                             0x00002be9   Thumb Code   336  printf1.o(i._printf_core)
    i.malloc                                 0x00002d3c   Section        0  malloc.o(i.malloc)
    .constdata                               0x00002da8   Section    33898  project_images.o(.constdata)
    .data                                    0x20000000   Section        8  project_interrupts.o(.data)
    PS2_X_DATA                               0x20000000   Data           2  project_interrupts.o(.data)
    PS2_Y_DATA                               0x20000002   Data           2  project_interrupts.o(.data)
    PS2_DIR                                  0x20000004   Data           1  project_interrupts.o(.data)
    .data                                    0x20000008   Section        2  serial_debug.o(.data)
    Rx_Interrupts_Enabled                    0x20000008   Data           1  serial_debug.o(.data)
    Tx_Interrupts_Enabled                    0x20000009   Data           1  serial_debug.o(.data)
    .data                                    0x2000000c   Section        4  system_tm4c123.o(.data)
    .data                                    0x20000010   Section        4  stdout.o(.data)
    .data                                    0x20000014   Section        4  rand.o(.data)
    _rand_state                              0x20000014   Data           4  rand.o(.data)
    .data                                    0x20000018   Section        4  mvars.o(.data)
    .data                                    0x2000001c   Section        4  mvars.o(.data)
    .bss                                     0x20000020   Section       24  project_interrupts.o(.bss)
    .bss                                     0x20000038   Section       28  serial_debug.o(.bss)
    HEAP                                     0x20000058   Section        0  startup_tm4c123.o(HEAP)
    STACK                                    0x20000058   Section     4096  startup_tm4c123.o(STACK)

    Global Symbols

    Symbol Name                              Value     Ov Type        Size  Object(Section)

    BuildAttributes$$THM_ISAv4$E$P$D$K$B$S$7EM$VFPi3$EXTD16$VFPS$VFMA$PE$A:L22UL41UL21$X:L11$S22US41US21$IEEE1$IW$USESV6$~STKCKD$USESV7$~SHL$OSPACE$ROPI$EBA8$MICROLIB$REQ8$EABIv2 0x00000000   Number         0  anon$$obj.o ABSOLUTE
    __ARM_use_no_argv                        0x00000000   Number         0  main.o ABSOLUTE
    __Vectors                                0x00000000   Data           4  startup_tm4c123.o(RESET)
    _printf_a                                0x00000000   Number         0  stubs.o ABSOLUTE
    _printf_c                                0x00000000   Number         0  stubs.o ABSOLUTE
    _printf_charcount                        0x00000000   Number         0  stubs.o ABSOLUTE
    _printf_d                                0x00000000   Number         0  stubs.o ABSOLUTE
    _printf_e                                0x00000000   Number         0  stubs.o ABSOLUTE
    _printf_f                                0x00000000   Number         0  stubs.o ABSOLUTE
    _printf_flags                            0x00000000   Number         0  stubs.o ABSOLUTE
    _printf_fp_dec                           0x00000000   Number         0  stubs.o ABSOLUTE
    _printf_fp_hex                           0x00000000   Number         0  stubs.o ABSOLUTE
    _printf_g                                0x00000000   Number         0  stubs.o ABSOLUTE
    _printf_i                                0x00000000   Number         0  stubs.o ABSOLUTE
    _printf_int_dec                          0x00000000   Number         0  stubs.o ABSOLUTE
    _printf_l                                0x00000000   Number         0  stubs.o ABSOLUTE
    _printf_lc                               0x00000000   Number         0  stubs.o ABSOLUTE
    _printf_ll                               0x00000000   Number         0  stubs.o ABSOLUTE
    _printf_lld                              0x00000000   Number         0  stubs.o ABSOLUTE
    _printf_lli                              0x00000000   Number         0  stubs.o ABSOLUTE
    _printf_llo                              0x00000000   Number         0  stubs.o ABSOLUTE
    _printf_llu                              0x00000000   Number         0  stubs.o ABSOLUTE
    _printf_llx                              0x00000000   Number         0  stubs.o ABSOLUTE
    _printf_longlong_dec                     0x00000000   Number         0  stubs.o ABSOLUTE
    _printf_longlong_hex                     0x00000000   Number         0  stubs.o ABSOLUTE
    _printf_longlong_oct                     0x00000000   Number         0  stubs.o ABSOLUTE
    _printf_ls                               0x00000000   Number         0  stubs.o ABSOLUTE
    _printf_mbtowc                           0x00000000   Number         0  stubs.o ABSOLUTE
    _printf_n                                0x00000000   Number         0  stubs.o ABSOLUTE
    _printf_o                                0x00000000   Number         0  stubs.o ABSOLUTE
    _printf_p                                0x00000000   Number         0  stubs.o ABSOLUTE
    _printf_percent                          0x00000000   Number         0  stubs.o ABSOLUTE
    _printf_pre_padding                      0x00000000   Number         0  stubs.o ABSOLUTE
    _printf_return_value                     0x00000000   Number         0  stubs.o ABSOLUTE
    _printf_s                                0x00000000   Number         0  stubs.o ABSOLUTE
    _printf_sizespec                         0x00000000   Number         0  stubs.o ABSOLUTE
    _printf_str                              0x00000000   Number         0  stubs.o ABSOLUTE
    _printf_truncate_signed                  0x00000000   Number         0  stubs.o ABSOLUTE
    _printf_truncate_unsigned                0x00000000   Number         0  stubs.o ABSOLUTE
    _printf_u                                0x00000000   Number         0  stubs.o ABSOLUTE
    _printf_wc                               0x00000000   Number         0  stubs.o ABSOLUTE
    _printf_wctomb                           0x00000000   Number         0  stubs.o ABSOLUTE
    _printf_widthprec                        0x00000000   Number         0  stubs.o ABSOLUTE
    _printf_x                                0x00000000   Number         0  stubs.o ABSOLUTE
    __cpp_initialize__aeabi_                  - Undefined Weak Reference
    __cxa_finalize                            - Undefined Weak Reference
    __decompress                              - Undefined Weak Reference
    _clock_init                               - Undefined Weak Reference
    _microlib_exit                            - Undefined Weak Reference
    __Vectors_End                            0x0000026c   Data           0  startup_tm4c123.o(RESET)
    __Vectors_Size                           0x0000026c   Number         0  startup_tm4c123.o ABSOLUTE
    __main                                   0x0000026d   Thumb Code     0  entry.o(.ARM.Collect$$$$00000000)
    _main_stk                                0x0000026d   Thumb Code     0  entry2.o(.ARM.Collect$$$$00000001)
    _main_scatterload                        0x00000271   Thumb Code     0  entry5.o(.ARM.Collect$$$$00000004)
    __main_after_scatterload                 0x00000275   Thumb Code     0  entry5.o(.ARM.Collect$$$$00000004)
    _main_clock                              0x00000275   Thumb Code     0  entry7b.o(.ARM.Collect$$$$00000008)
    _main_cpp_init                           0x00000275   Thumb Code     0  entry8b.o(.ARM.Collect$$$$0000000A)
    _main_init                               0x00000275   Thumb Code     0  entry9a.o(.ARM.Collect$$$$0000000B)
    __rt_final_cpp                           0x0000027d   Thumb Code     0  entry10a.o(.ARM.Collect$$$$0000000D)
    __rt_final_exit                          0x0000027d   Thumb Code     0  entry11a.o(.ARM.Collect$$$$0000000F)
    DisableInterrupts                        0x00000281   Thumb Code     4  main.o(.text)
    EnableInterrupts                         0x00000285   Thumb Code     4  main.o(.text)
    init_hardware                            0x00000289   Thumb Code    86  main.o(.text)
    waitTime                                 0x000002df   Thumb Code    16  main.o(.text)
    _2D                                      0x000002ef   Thumb Code    48  main.o(.text)
    _3D                                      0x0000031f   Thumb Code    48  main.o(.text)
    _4D                                      0x0000034f   Thumb Code    48  main.o(.text)
    _5D                                      0x0000037f   Thumb Code    48  main.o(.text)
    _6D                                      0x000003af   Thumb Code    48  main.o(.text)
    _7D                                      0x000003df   Thumb Code    48  main.o(.text)
    _8D                                      0x0000040f   Thumb Code    48  main.o(.text)
    _9D                                      0x0000043f   Thumb Code    48  main.o(.text)
    _TD                                      0x0000046f   Thumb Code    48  main.o(.text)
    _JD                                      0x0000049f   Thumb Code    48  main.o(.text)
    _QD                                      0x000004cf   Thumb Code    48  main.o(.text)
    _KD                                      0x000004ff   Thumb Code    48  main.o(.text)
    _AD                                      0x0000052f   Thumb Code    48  main.o(.text)
    getCard                                  0x0000055f   Thumb Code   296  main.o(.text)
    highestScore                             0x00000687   Thumb Code   248  main.o(.text)
    main                                     0x0000077f   Thumb Code   790  main.o(.text)
    ps2_get_direction                        0x00000ae1   Thumb Code    84  project_interrupts.o(.text)
    TIMER2A_Handler                          0x00000b35   Thumb Code    76  project_interrupts.o(.text)
    TIMER3A_Handler                          0x00000b81   Thumb Code    38  project_interrupts.o(.text)
    TIMER4A_Handler                          0x00000ba7   Thumb Code    26  project_interrupts.o(.text)
    ADC0SS2_Handler                          0x00000bc1   Thumb Code    40  project_interrupts.o(.text)
    gpio_get_irq_num                         0x00000c51   Thumb Code    74  gpio_port.o(.text)
    gpio_enable_port                         0x00000c9b   Thumb Code   156  gpio_port.o(.text)
    gpio_config_digital_enable               0x00000d37   Thumb Code    34  gpio_port.o(.text)
    gpio_config_enable_output                0x00000d59   Thumb Code    34  gpio_port.o(.text)
    gpio_config_enable_input                 0x00000d7b   Thumb Code    34  gpio_port.o(.text)
    gpio_config_enable_pullup                0x00000d9d   Thumb Code    34  gpio_port.o(.text)
    gpio_config_enable_pulldown              0x00000dbf   Thumb Code    34  gpio_port.o(.text)
    gpio_config_analog_enable                0x00000de1   Thumb Code    34  gpio_port.o(.text)
    gpio_config_alternate_function           0x00000e03   Thumb Code    34  gpio_port.o(.text)
    gpio_config_port_control                 0x00000e25   Thumb Code    54  gpio_port.o(.text)
    gpio_config_open_drain                   0x00000e5b   Thumb Code    34  gpio_port.o(.text)
    gpio_config_falling_edge_irq             0x00000e7d   Thumb Code    56  gpio_port.o(.text)
    timer_get_irq_num                        0x00000f15   Thumb Code    74  timers.o(.text)
    gp_timer_wait                            0x00000fc9   Thumb Code    64  timers.o(.text)
    gp_timer_config_32                       0x00001009   Thumb Code   252  timers.o(.text)
    verify_uart_base                         0x0000111d   Thumb Code    54  uart.o(.text)
    uart_get_rcgc_mask                       0x00001153   Thumb Code    68  uart.o(.text)
    uart_get_pr_mask                         0x00001197   Thumb Code    68  uart.o(.text)
    uart_get_irq_num                         0x000011db   Thumb Code    68  uart.o(.text)
    uart_tx_poll                             0x0000121f   Thumb Code    38  uart.o(.text)
    uart_tx_poll_string                      0x00001245   Thumb Code    50  uart.o(.text)
    uart_rx_poll                             0x00001277   Thumb Code    70  uart.o(.text)
    uart_init                                0x000012bd   Thumb Code   214  uart.o(.text)
    pc_buffer_init                           0x000013a5   Thumb Code    26  pc_buffer.o(.text)
    pc_buffer_add                            0x000013bf   Thumb Code    28  pc_buffer.o(.text)
    pc_buffer_remove                         0x000013db   Thumb Code    30  pc_buffer.o(.text)
    pc_buffer_empty                          0x000013f9   Thumb Code    18  pc_buffer.o(.text)
    pc_buffer_full                           0x0000140b   Thumb Code    22  pc_buffer.o(.text)
    initializeI2CMaster                      0x00001421   Thumb Code   160  i2c.o(.text)
    i2cVerifyBaseAddr                        0x000014c1   Thumb Code    36  i2c.o(.text)
    i2cSetSlaveAddr                          0x000014e5   Thumb Code    30  i2c.o(.text)
    i2cStop                                  0x00001503   Thumb Code    26  i2c.o(.text)
    I2CMasterBusy                            0x0000151d   Thumb Code    34  i2c.o(.text)
    I2CMasterAdrAck                          0x0000153f   Thumb Code    34  i2c.o(.text)
    I2CMasterDatAck                          0x00001561   Thumb Code    34  i2c.o(.text)
    i2cSendByte                              0x00001583   Thumb Code    82  i2c.o(.text)
    i2cGetByte                               0x000015d5   Thumb Code    60  i2c.o(.text)
    delayms                                  0x00001629   Thumb Code    26  lcd.o(.text)
    lcd_set_pos                              0x000016b7   Thumb Code    58  lcd.o(.text)
    lcd_clear_screen                         0x000016f1   Thumb Code    52  lcd.o(.text)
    lcd_draw_box                             0x00001725   Thumb Code   138  lcd.o(.text)
    lcd_draw_rectangle                       0x000017af   Thumb Code    82  lcd.o(.text)
    lcd_draw_rectangle_centered              0x00001801   Thumb Code   152  lcd.o(.text)
    lcd_draw_pixel                           0x00001899   Thumb Code    28  lcd.o(.text)
    lcd_draw_char                            0x000018b5   Thumb Code   556  lcd.o(.text)
    lcd_draw_image                           0x00001ae1   Thumb Code   242  lcd.o(.text)
    lcd_draw_color_image                     0x00001bd3   Thumb Code   142  lcd.o(.text)
    lcd_config_gpio                          0x00001c61   Thumb Code   190  lcd.o(.text)
    lcd_config_screen                        0x00001d1f   Thumb Code   548  lcd.o(.text)
    lcd_draw_line                            0x00001f43   Thumb Code   200  lcd.o(.text)
    lcd_draw_circle                          0x0000200b   Thumb Code   356  lcd.o(.text)
    serial_debug_rx                          0x00002171   Thumb Code    46  serial_debug.o(.text)
    serial_debug_tx                          0x0000219f   Thumb Code    72  serial_debug.o(.text)
    fputc                                    0x000021e7   Thumb Code    66  serial_debug.o(.text)
    fgetc                                    0x00002229   Thumb Code    50  serial_debug.o(.text)
    init_serial_debug                        0x0000225b   Thumb Code   144  serial_debug.o(.text)
    UART0_Handler                            0x000022eb   Thumb Code   136  serial_debug.o(.text)
    ps2_initialize_adc                       0x00002425   Thumb Code    88  ps2-new.o(.text)
    ps2_initialize                           0x0000247d   Thumb Code    12  ps2-new.o(.text)
    ps2_get_x                                0x00002489   Thumb Code     2  ps2-new.o(.text)
    ps2_get_y                                0x0000248b   Thumb Code     2  ps2-new.o(.text)
    ft6x06_read_td_status                    0x0000250d   Thumb Code    24  ft6x06.o(.text)
    ft6x06_read_x                            0x00002525   Thumb Code    46  ft6x06.o(.text)
    ft6x06_read_y                            0x00002553   Thumb Code    56  ft6x06.o(.text)
    ft6x06_init                              0x0000258b   Thumb Code   156  ft6x06.o(.text)
    eeprom_byte_write                        0x00002671   Thumb Code   100  eeprom.o(.text)
    eeprom_byte_read                         0x000026d5   Thumb Code   116  eeprom.o(.text)
    eeprom_init                              0x00002749   Thumb Code   156  eeprom.o(.text)
    Reset_Handler                            0x000027e9   Thumb Code     8  startup_tm4c123.o(.text)
    NMI_Handler                              0x000027f1   Thumb Code     2  startup_tm4c123.o(.text)
    HardFault_Handler                        0x000027f3   Thumb Code     2  startup_tm4c123.o(.text)
    MemManage_Handler                        0x000027f5   Thumb Code     2  startup_tm4c123.o(.text)
    BusFault_Handler                         0x000027f7   Thumb Code     2  startup_tm4c123.o(.text)
    UsageFault_Handler                       0x000027f9   Thumb Code     2  startup_tm4c123.o(.text)
    SVC_Handler                              0x000027fb   Thumb Code     2  startup_tm4c123.o(.text)
    DebugMon_Handler                         0x000027fd   Thumb Code     2  startup_tm4c123.o(.text)
    PendSV_Handler                           0x000027ff   Thumb Code     2  startup_tm4c123.o(.text)
    SysTick_Handler                          0x00002801   Thumb Code     2  startup_tm4c123.o(.text)
    GPIOA_Handler                            0x00002803   Thumb Code     2  startup_tm4c123.o(.text)
    GPIOB_Handler                            0x00002805   Thumb Code     2  startup_tm4c123.o(.text)
    GPIOC_Handler                            0x00002807   Thumb Code     2  startup_tm4c123.o(.text)
    GPIOD_Handler                            0x00002809   Thumb Code     2  startup_tm4c123.o(.text)
    GPIOE_Handler                            0x0000280b   Thumb Code     2  startup_tm4c123.o(.text)
    UART1_Handler                            0x0000280f   Thumb Code     2  startup_tm4c123.o(.text)
    SSI0_Handler                             0x00002811   Thumb Code     2  startup_tm4c123.o(.text)
    I2C0_Handler                             0x00002813   Thumb Code     2  startup_tm4c123.o(.text)
    PMW0_FAULT_Handler                       0x00002815   Thumb Code     2  startup_tm4c123.o(.text)
    PWM0_0_Handler                           0x00002817   Thumb Code     2  startup_tm4c123.o(.text)
    PWM0_1_Handler                           0x00002819   Thumb Code     2  startup_tm4c123.o(.text)
    PWM0_2_Handler                           0x0000281b   Thumb Code     2  startup_tm4c123.o(.text)
    QEI0_Handler                             0x0000281d   Thumb Code     2  startup_tm4c123.o(.text)
    ADC0SS0_Handler                          0x0000281f   Thumb Code     2  startup_tm4c123.o(.text)
    ADC0SS1_Handler                          0x00002821   Thumb Code     2  startup_tm4c123.o(.text)
    ADC0SS3_Handler                          0x00002825   Thumb Code     2  startup_tm4c123.o(.text)
    WDT0_Handler                             0x00002827   Thumb Code     2  startup_tm4c123.o(.text)
    TIMER0A_Handler                          0x00002829   Thumb Code     2  startup_tm4c123.o(.text)
    TIMER0B_Handler                          0x0000282b   Thumb Code     2  startup_tm4c123.o(.text)
    TIMER1A_Handler                          0x0000282d   Thumb Code     2  startup_tm4c123.o(.text)
    TIMER1B_Handler                          0x0000282f   Thumb Code     2  startup_tm4c123.o(.text)
    TIMER2B_Handler                          0x00002833   Thumb Code     2  startup_tm4c123.o(.text)
    COMP0_Handler                            0x00002835   Thumb Code     2  startup_tm4c123.o(.text)
    COMP1_Handler                            0x00002837   Thumb Code     2  startup_tm4c123.o(.text)
    COMP2_Handler                            0x00002839   Thumb Code     2  startup_tm4c123.o(.text)
    SYSCTL_Handler                           0x0000283b   Thumb Code     2  startup_tm4c123.o(.text)
    FLASH_Handler                            0x0000283d   Thumb Code     2  startup_tm4c123.o(.text)
    GPIOF_Handler                            0x0000283f   Thumb Code     2  startup_tm4c123.o(.text)
    GPIOG_Handler                            0x00002841   Thumb Code     2  startup_tm4c123.o(.text)
    GPIOH_Handler                            0x00002843   Thumb Code     2  startup_tm4c123.o(.text)
    UART2_Handler                            0x00002845   Thumb Code     2  startup_tm4c123.o(.text)
    SSI1_Handler                             0x00002847   Thumb Code     2  startup_tm4c123.o(.text)
    TIMER3B_Handler                          0x0000284b   Thumb Code     2  startup_tm4c123.o(.text)
    I2C1_Handler                             0x0000284d   Thumb Code     2  startup_tm4c123.o(.text)
    QEI1_Handler                             0x0000284f   Thumb Code     2  startup_tm4c123.o(.text)
    CAN0_Handler                             0x00002851   Thumb Code     2  startup_tm4c123.o(.text)
    CAN1_Handler                             0x00002853   Thumb Code     2  startup_tm4c123.o(.text)
    CAN2_Handler                             0x00002855   Thumb Code     2  startup_tm4c123.o(.text)
    HIB_Handler                              0x00002857   Thumb Code     2  startup_tm4c123.o(.text)
    USB0_Handler                             0x00002859   Thumb Code     2  startup_tm4c123.o(.text)
    PWM0_3_Handler                           0x0000285b   Thumb Code     2  startup_tm4c123.o(.text)
    UDMA_Handler                             0x0000285d   Thumb Code     2  startup_tm4c123.o(.text)
    UDMAERR_Handler                          0x0000285f   Thumb Code     2  startup_tm4c123.o(.text)
    ADC1SS0_Handler                          0x00002861   Thumb Code     2  startup_tm4c123.o(.text)
    ADC1SS1_Handler                          0x00002863   Thumb Code     2  startup_tm4c123.o(.text)
    ADC1SS2_Handler                          0x00002865   Thumb Code     2  startup_tm4c123.o(.text)
    ADC1SS3_Handler                          0x00002867   Thumb Code     2  startup_tm4c123.o(.text)
    GPIOJ_Handler                            0x00002869   Thumb Code     2  startup_tm4c123.o(.text)
    GPIOK_Handler                            0x0000286b   Thumb Code     2  startup_tm4c123.o(.text)
    GPIOL_Handler                            0x0000286d   Thumb Code     2  startup_tm4c123.o(.text)
    SSI2_Handler                             0x0000286f   Thumb Code     2  startup_tm4c123.o(.text)
    SSI3_Handler                             0x00002871   Thumb Code     2  startup_tm4c123.o(.text)
    UART3_Handler                            0x00002873   Thumb Code     2  startup_tm4c123.o(.text)
    UART4_Handler                            0x00002875   Thumb Code     2  startup_tm4c123.o(.text)
    UART5_Handler                            0x00002877   Thumb Code     2  startup_tm4c123.o(.text)
    UART6_Handler                            0x00002879   Thumb Code     2  startup_tm4c123.o(.text)
    UART7_Handler                            0x0000287b   Thumb Code     2  startup_tm4c123.o(.text)
    I2C2_Handler                             0x0000287d   Thumb Code     2  startup_tm4c123.o(.text)
    I2C3_Handler                             0x0000287f   Thumb Code     2  startup_tm4c123.o(.text)
    TIMER4B_Handler                          0x00002883   Thumb Code     2  startup_tm4c123.o(.text)
    TIMER5A_Handler                          0x00002885   Thumb Code     2  startup_tm4c123.o(.text)
    TIMER5B_Handler                          0x00002887   Thumb Code     2  startup_tm4c123.o(.text)
    WTIMER0A_Handler                         0x00002889   Thumb Code     2  startup_tm4c123.o(.text)
    WTIMER0B_Handler                         0x0000288b   Thumb Code     2  startup_tm4c123.o(.text)
    WTIMER1A_Handler                         0x0000288d   Thumb Code     2  startup_tm4c123.o(.text)
    WTIMER1B_Handler                         0x0000288f   Thumb Code     2  startup_tm4c123.o(.text)
    WTIMER2A_Handler                         0x00002891   Thumb Code     2  startup_tm4c123.o(.text)
    WTIMER2B_Handler                         0x00002893   Thumb Code     2  startup_tm4c123.o(.text)
    WTIMER3A_Handler                         0x00002895   Thumb Code     2  startup_tm4c123.o(.text)
    WTIMER3B_Handler                         0x00002897   Thumb Code     2  startup_tm4c123.o(.text)
    WTIMER4A_Handler                         0x00002899   Thumb Code     2  startup_tm4c123.o(.text)
    WTIMER4B_Handler                         0x0000289b   Thumb Code     2  startup_tm4c123.o(.text)
    WTIMER5A_Handler                         0x0000289d   Thumb Code     2  startup_tm4c123.o(.text)
    WTIMER5B_Handler                         0x0000289f   Thumb Code     2  startup_tm4c123.o(.text)
    FPU_Handler                              0x000028a1   Thumb Code     2  startup_tm4c123.o(.text)
    I2C4_Handler                             0x000028a3   Thumb Code     2  startup_tm4c123.o(.text)
    I2C5_Handler                             0x000028a5   Thumb Code     2  startup_tm4c123.o(.text)
    GPIOM_Handler                            0x000028a7   Thumb Code     2  startup_tm4c123.o(.text)
    GPION_Handler                            0x000028a9   Thumb Code     2  startup_tm4c123.o(.text)
    QEI2_Handler                             0x000028ab   Thumb Code     2  startup_tm4c123.o(.text)
    GPIOP0_Handler                           0x000028ad   Thumb Code     2  startup_tm4c123.o(.text)
    GPIOP1_Handler                           0x000028af   Thumb Code     2  startup_tm4c123.o(.text)
    GPIOP2_Handler                           0x000028b1   Thumb Code     2  startup_tm4c123.o(.text)
    GPIOP3_Handler                           0x000028b3   Thumb Code     2  startup_tm4c123.o(.text)
    GPIOP4_Handler                           0x000028b5   Thumb Code     2  startup_tm4c123.o(.text)
    GPIOP5_Handler                           0x000028b7   Thumb Code     2  startup_tm4c123.o(.text)
    GPIOP6_Handler                           0x000028b9   Thumb Code     2  startup_tm4c123.o(.text)
    GPIOP7_Handler                           0x000028bb   Thumb Code     2  startup_tm4c123.o(.text)
    GPIOQ0_Handler                           0x000028bd   Thumb Code     2  startup_tm4c123.o(.text)
    GPIOQ1_Handler                           0x000028bf   Thumb Code     2  startup_tm4c123.o(.text)
    GPIOQ2_Handler                           0x000028c1   Thumb Code     2  startup_tm4c123.o(.text)
    GPIOQ3_Handler                           0x000028c3   Thumb Code     2  startup_tm4c123.o(.text)
    GPIOQ4_Handler                           0x000028c5   Thumb Code     2  startup_tm4c123.o(.text)
    GPIOQ5_Handler                           0x000028c7   Thumb Code     2  startup_tm4c123.o(.text)
    GPIOQ6_Handler                           0x000028c9   Thumb Code     2  startup_tm4c123.o(.text)
    GPIOQ7_Handler                           0x000028cb   Thumb Code     2  startup_tm4c123.o(.text)
    GPIOR_Handler                            0x000028cd   Thumb Code     2  startup_tm4c123.o(.text)
    GPIOS_Handler                            0x000028cf   Thumb Code     2  startup_tm4c123.o(.text)
    PMW1_0_Handler                           0x000028d1   Thumb Code     2  startup_tm4c123.o(.text)
    PWM1_1_Handler                           0x000028d3   Thumb Code     2  startup_tm4c123.o(.text)
    PWM1_2_Handler                           0x000028d5   Thumb Code     2  startup_tm4c123.o(.text)
    PWM1_3_Handler                           0x000028d7   Thumb Code     2  startup_tm4c123.o(.text)
    PWM1_FAULT_Handler                       0x000028d9   Thumb Code     2  startup_tm4c123.o(.text)
    SystemCoreClockUpdate                    0x0000299b   Thumb Code   184  system_tm4c123.o(.text)
    SystemInit                               0x00002a53   Thumb Code   112  system_tm4c123.o(.text)
    rand                                     0x00002b35   Thumb Code    20  rand.o(.text)
    srand                                    0x00002b49   Thumb Code     6  rand.o(.text)
    __aeabi_uidiv                            0x00002b59   Thumb Code     0  uidiv.o(.text)
    __aeabi_uidivmod                         0x00002b59   Thumb Code    44  uidiv.o(.text)
    __scatterload                            0x00002b85   Thumb Code    28  init.o(.text)
    __scatterload_rt2                        0x00002b85   Thumb Code     0  init.o(.text)
    __0printf$1                              0x00002ba9   Thumb Code    22  printf1.o(i.__0printf$1)
    __1printf$1                              0x00002ba9   Thumb Code     0  printf1.o(i.__0printf$1)
    __2printf                                0x00002ba9   Thumb Code     0  printf1.o(i.__0printf$1)
    __scatterload_copy                       0x00002bc9   Thumb Code    14  handlers.o(i.__scatterload_copy)
    __scatterload_null                       0x00002bd7   Thumb Code     2  handlers.o(i.__scatterload_null)
    __scatterload_zeroinit                   0x00002bd9   Thumb Code    14  handlers.o(i.__scatterload_zeroinit)
    malloc                                   0x00002d3d   Thumb Code    92  malloc.o(i.malloc)
    Image_2DBitmaps                          0x00002da8   Data         910  project_images.o(.constdata)
    Image_2DWidthPixels                      0x00003136   Data           1  project_images.o(.constdata)
    Image_2DHeightPixels                     0x00003137   Data           1  project_images.o(.constdata)
    Image_3DBitmaps                          0x00003138   Data         910  project_images.o(.constdata)
    Image_4DBitmaps                          0x000034c6   Data         890  project_images.o(.constdata)
    Image_5DBitmaps                          0x00003840   Data         910  project_images.o(.constdata)
    Image_6DBitmaps                          0x00003bce   Data         910  project_images.o(.constdata)
    Image_7DBitmaps                          0x00003f5c   Data         890  project_images.o(.constdata)
    Image_8DBitmaps                          0x000042d6   Data         890  project_images.o(.constdata)
    Image_9DBitmaps                          0x00004650   Data         890  project_images.o(.constdata)
    Image_TDBitmaps                          0x000049ca   Data         900  project_images.o(.constdata)
    Image_JDBitmaps                          0x00004d4e   Data         880  project_images.o(.constdata)
    Image_QDBitmaps                          0x000050be   Data         801  project_images.o(.constdata)
    Image_KDBitmaps                          0x000053df   Data         801  project_images.o(.constdata)
    Image_ADBitmaps                          0x00005700   Data         890  project_images.o(.constdata)
    winHand                                  0x00005a7a   Data         175  project_images.o(.constdata)
    loseHand                                 0x00005b29   Data         128  project_images.o(.constdata)
    push                                     0x00005ba9   Data         108  project_images.o(.constdata)
    homeScreen                               0x00005c15   Data        6138  project_images.o(.constdata)
    highScore4                               0x0000740f   Data        2970  project_images.o(.constdata)
    highScore5                               0x00007fa9   Data        2960  project_images.o(.constdata)
    highScore6                               0x00008b39   Data        3838  project_images.o(.constdata)
    highScore7                               0x00009a37   Data        2975  project_images.o(.constdata)
    highScore8                               0x0000a5d6   Data        3132  project_images.o(.constdata)
    Region$$Table$$Base                      0x0000b214   Number         0  anon$$obj.o(Region$$Table)
    Region$$Table$$Limit                     0x0000b234   Number         0  anon$$obj.o(Region$$Table)
    direction                                0x20000005   Data           1  project_interrupts.o(.data)
    ALERT_DRAW                               0x20000006   Data           1  project_interrupts.o(.data)
    ALERT_STAY                               0x20000007   Data           1  project_interrupts.o(.data)
    SystemCoreClock                          0x2000000c   Data           4  system_tm4c123.o(.data)
    __stdout                                 0x20000010   Data           4  stdout.o(.data)
    __microlib_freelist                      0x20000018   Data           4  mvars.o(.data)
    __microlib_freelist_initialised          0x2000001c   Data           4  mvars.o(.data)
    LEDs                                     0x20000020   Data          24  project_interrupts.o(.bss)
    UART0_Tx_Buffer                          0x20000038   Data          14  serial_debug.o(.bss)
    UART0_Rx_Buffer                          0x20000046   Data          14  serial_debug.o(.bss)
    __heap_base                              0x20000058   Data           0  startup_tm4c123.o(HEAP)
    __heap_limit                             0x20000058   Data           0  startup_tm4c123.o(HEAP)
    __initial_sp                             0x20001058   Data           0  startup_tm4c123.o(STACK)



==============================================================================

Memory Map of the image

  Image Entry point : 0x000027e9

  Load Region LR_1 (Base: 0x00000000, Size: 0x0000b254, Max: 0xffffffff, ABSOLUTE)

    Execution Region ER_RO (Exec base: 0x00000000, Load base: 0x00000000, Size: 0x0000b234, Max: 0xffffffff, ABSOLUTE)

    Exec Addr    Load Addr    Size         Type   Attr      Idx    E Section Name        Object

    0x00000000   0x00000000   0x0000026c   Data   RO          488    RESET               startup_tm4c123.o
    0x0000026c   0x0000026c   0x00000000   Code   RO          523  * .ARM.Collect$$$$00000000  mc_w.l(entry.o)
    0x0000026c   0x0000026c   0x00000004   Code   RO          819    .ARM.Collect$$$$00000001  mc_w.l(entry2.o)
    0x00000270   0x00000270   0x00000004   Code   RO          822    .ARM.Collect$$$$00000004  mc_w.l(entry5.o)
    0x00000274   0x00000274   0x00000000   Code   RO          824    .ARM.Collect$$$$00000008  mc_w.l(entry7b.o)
    0x00000274   0x00000274   0x00000000   Code   RO          826    .ARM.Collect$$$$0000000A  mc_w.l(entry8b.o)
    0x00000274   0x00000274   0x00000008   Code   RO          827    .ARM.Collect$$$$0000000B  mc_w.l(entry9a.o)
    0x0000027c   0x0000027c   0x00000000   Code   RO          829    .ARM.Collect$$$$0000000D  mc_w.l(entry10a.o)
    0x0000027c   0x0000027c   0x00000000   Code   RO          831    .ARM.Collect$$$$0000000F  mc_w.l(entry11a.o)
    0x0000027c   0x0000027c   0x00000004   Code   RO          820    .ARM.Collect$$$$00002712  mc_w.l(entry2.o)
    0x00000280   0x00000280   0x00000860   Code   RO            4    .text               main.o
    0x00000ae0   0x00000ae0   0x00000130   Code   RO          139    .text               project_interrupts.o
    0x00000c10   0x00000c10   0x000002c4   Code   RO          210    .text               gpio_port.o
    0x00000ed4   0x00000ed4   0x00000248   Code   RO          234    .text               timers.o
    0x0000111c   0x0000111c   0x00000288   Code   RO          290    .text               uart.o
    0x000013a4   0x000013a4   0x0000007c   Code   RO          311    .text               pc_buffer.o
    0x00001420   0x00001420   0x00000208   Code   RO          329    .text               i2c.o
    0x00001628   0x00001628   0x00000b46   Code   RO          353    .text               lcd.o
    0x0000216e   0x0000216e   0x00000002   PAD
    0x00002170   0x00002170   0x0000021c   Code   RO          377    .text               serial_debug.o
    0x0000238c   0x0000238c   0x00000118   Code   RO          413    .text               ps2-new.o
    0x000024a4   0x000024a4   0x00000188   Code   RO          437    .text               ft6x06.o
    0x0000262c   0x0000262c   0x000001bc   Code   RO          465    .text               eeprom.o
    0x000027e8   0x000027e8   0x000000fc   Code   RO          489  * .text               startup_tm4c123.o
    0x000028e4   0x000028e4   0x00000250   Code   RO          496    .text               system_tm4c123.o
    0x00002b34   0x00002b34   0x00000024   Code   RO          527    .text               mc_w.l(rand.o)
    0x00002b58   0x00002b58   0x0000002c   Code   RO          833    .text               mc_w.l(uidiv.o)
    0x00002b84   0x00002b84   0x00000024   Code   RO          854    .text               mc_w.l(init.o)
    0x00002ba8   0x00002ba8   0x00000020   Code   RO          575    i.__0printf$1       mc_w.l(printf1.o)
    0x00002bc8   0x00002bc8   0x0000000e   Code   RO          866    i.__scatterload_copy  mc_w.l(handlers.o)
    0x00002bd6   0x00002bd6   0x00000002   Code   RO          867    i.__scatterload_null  mc_w.l(handlers.o)
    0x00002bd8   0x00002bd8   0x0000000e   Code   RO          868    i.__scatterload_zeroinit  mc_w.l(handlers.o)
    0x00002be6   0x00002be6   0x00000002   PAD
    0x00002be8   0x00002be8   0x00000154   Code   RO          582    i._printf_core      mc_w.l(printf1.o)
    0x00002d3c   0x00002d3c   0x0000006c   Code   RO          792    i.malloc            mc_w.l(malloc.o)
    0x00002da8   0x00002da8   0x0000846a   Data   RO          171    .constdata          project_images.o
    0x0000b212   0x0000b212   0x00000002   PAD
    0x0000b214   0x0000b214   0x00000020   Data   RO          864    Region$$Table       anon$$obj.o


    Execution Region ER_RW (Exec base: 0x20000000, Load base: 0x0000b234, Size: 0x00000020, Max: 0xffffffff, ABSOLUTE)

    Exec Addr    Load Addr    Size         Type   Attr      Idx    E Section Name        Object

    0x20000000   0x0000b234   0x00000008   Data   RW          141    .data               project_interrupts.o
    0x20000008   0x0000b23c   0x00000002   Data   RW          379    .data               serial_debug.o
    0x2000000a   0x0000b23e   0x00000002   PAD
    0x2000000c   0x0000b240   0x00000004   Data   RW          497    .data               system_tm4c123.o
    0x20000010   0x0000b244   0x00000004   Data   RW          526    .data               mc_w.l(stdout.o)
    0x20000014   0x0000b248   0x00000004   Data   RW          528    .data               mc_w.l(rand.o)
    0x20000018   0x0000b24c   0x00000004   Data   RW          841    .data               mc_w.l(mvars.o)
    0x2000001c   0x0000b250   0x00000004   Data   RW          842    .data               mc_w.l(mvars.o)


    Execution Region ER_ZI (Exec base: 0x20000020, Load base: 0x0000b254, Size: 0x00001038, Max: 0xffffffff, ABSOLUTE)

    Exec Addr    Load Addr    Size         Type   Attr      Idx    E Section Name        Object

    0x20000020        -       0x00000018   Zero   RW          140    .bss                project_interrupts.o
    0x20000038        -       0x0000001c   Zero   RW          378    .bss                serial_debug.o
    0x20000054   0x0000b254   0x00000004   PAD
    0x20000058        -       0x00000000   Zero   RW          487    HEAP                startup_tm4c123.o
    0x20000058        -       0x00001000   Zero   RW          486    STACK               startup_tm4c123.o


==============================================================================

Image component sizes


      Code (inc. data)   RO Data    RW Data    ZI Data      Debug   Object Name

       444          4          0          0          0       2093   eeprom.o
       392          6          0          0          0       2152   ft6x06.o
       708         32          0          0          0       5146   gpio_port.o
       520         24          0          0          0       3661   i2c.o
      2886         28          0          0          0       8212   lcd.o
      2144        154          0          0          0      34146   main.o
       124          0          0          0          0       1923   pc_buffer.o
         0          0      33898          0          0       1727   project_images.o
       304         40          0          8         24       2619   project_interrupts.o
       280         24          0          0          0       1576   ps2-new.o
       540         26          0          2         28       5517   serial_debug.o
       252         10        620          0       4096       5432   startup_tm4c123.o
       592        138          0          4          0       1541   system_tm4c123.o
       584         24          0          0          0      32864   timers.o
       648         50          0          0          0       3472   uart.o

    ----------------------------------------------------------------------
     10420        560      34552         16       4152     112081   Object Totals
         0          0         32          0          0          0   (incl. Generated)
         2          0          2          2          4          0   (incl. Padding)

    ----------------------------------------------------------------------

      Code (inc. data)   RO Data    RW Data    ZI Data      Debug   Library Member Name

         0          0          0          0          0          0   entry.o
         0          0          0          0          0          0   entry10a.o
         0          0          0          0          0          0   entry11a.o
         8          4          0          0          0          0   entry2.o
         4          0          0          0          0          0   entry5.o
         0          0          0          0          0          0   entry7b.o
         0          0          0          0          0          0   entry8b.o
         8          4          0          0          0          0   entry9a.o
        30          0          0          0          0          0   handlers.o
        36          8          0          0          0         68   init.o
       108         16          0          0          0         84   malloc.o
         0          0          0          8          0          0   mvars.o
       372         14          0          0          0        184   printf1.o
        36         10          0          4          0        136   rand.o
         0          0          0          4          0          0   stdout.o
        44          0          0          0          0         80   uidiv.o

    ----------------------------------------------------------------------
       648         56          0         16          0        552   Library Totals
         2          0          0          0          0          0   (incl. Padding)

    ----------------------------------------------------------------------

      Code (inc. data)   RO Data    RW Data    ZI Data      Debug   Library Name

       646         56          0         16          0        552   mc_w.l

    ----------------------------------------------------------------------
       648         56          0         16          0        552   Library Totals

    ----------------------------------------------------------------------

==============================================================================


      Code (inc. data)   RO Data    RW Data    ZI Data      Debug   

     11068        616      34552         32       4152     110733   Grand Totals
     11068        616      34552         32       4152     110733   ELF Image Totals
     11068        616      34552         32          0          0   ROM Totals

==============================================================================

    Total RO  Size (Code + RO Data)                45620 (  44.55kB)
    Total RW  Size (RW Data + ZI Data)              4184 (   4.09kB)
    Total ROM Size (Code + RO Data + RW Data)      45652 (  44.58kB)

==============================================================================

