Component: ARM Compiler 5.06 update 6 (build 750) Tool: armlink [4d35ed]

==============================================================================

Section Cross References

    main.o(.text) refers to lcd.o(.text) for lcd_config_gpio
    main.o(.text) refers to ps2.o(.text) for ps2_initialize
    main.o(.text) refers to timers.o(.text) for gp_timer_config_32
    main.o(.text) refers to project_images.o(.constdata) for space_shipBitmaps
    project_staff.o(.text) refers to project_staff.o(.data) for lfsr
    project_staff.o(.text) refers to project_staff.o(.constdata) for MOV_DIR
    ps2.o(.text) refers to gpio_port.o(.text) for gpio_enable_port
    pc_buffer.o(.text) refers to malloc.o(i.malloc) for malloc
    lcd.o(.text) refers to gpio_port.o(.text) for gpio_enable_port
    serial_debug.o(.text) refers to pc_buffer.o(.text) for pc_buffer_empty
    serial_debug.o(.text) refers to main.o(.text) for DisableInterrupts
    serial_debug.o(.text) refers to uart.o(.text) for uart_tx_poll
    serial_debug.o(.text) refers to gpio_port.o(.text) for gpio_enable_port
    serial_debug.o(.text) refers to serial_debug.o(.data) for Tx_Interrupts_Enabled
    serial_debug.o(.text) refers to serial_debug.o(.bss) for UART0_Tx_Buffer
    serial_debug.o(.text) refers to stdout.o(.data) for __stdout
    startup_tm4c123.o(RESET) refers to startup_tm4c123.o(STACK) for __initial_sp
    startup_tm4c123.o(RESET) refers to startup_tm4c123.o(.text) for Reset_Handler
    startup_tm4c123.o(RESET) refers to serial_debug.o(.text) for UART0_Handler
    startup_tm4c123.o(.text) refers to system_tm4c123.o(.text) for SystemInit
    startup_tm4c123.o(.text) refers to entry.o(.ARM.Collect$$$$00000000) for __main
    system_tm4c123.o(.text) refers to system_tm4c123.o(.data) for SystemCoreClock
    entry.o(.ARM.Collect$$$$00000000) refers (Special) to entry10a.o(.ARM.Collect$$$$0000000D) for __rt_final_cpp
    entry.o(.ARM.Collect$$$$00000000) refers (Special) to entry11a.o(.ARM.Collect$$$$0000000F) for __rt_final_exit
    entry.o(.ARM.Collect$$$$00000000) refers (Special) to entry7b.o(.ARM.Collect$$$$00000008) for _main_clock
    entry.o(.ARM.Collect$$$$00000000) refers (Special) to entry8b.o(.ARM.Collect$$$$0000000A) for _main_cpp_init
    entry.o(.ARM.Collect$$$$00000000) refers (Special) to entry9a.o(.ARM.Collect$$$$0000000B) for _main_init
    entry.o(.ARM.Collect$$$$00000000) refers (Special) to entry5.o(.ARM.Collect$$$$00000004) for _main_scatterload
    entry.o(.ARM.Collect$$$$00000000) refers (Special) to entry2.o(.ARM.Collect$$$$00000001) for _main_stk
    malloc.o(i.free) refers to mvars.o(.data) for __microlib_freelist
    malloc.o(i.malloc) refers to mvars.o(.data) for __microlib_freelist_initialised
    malloc.o(i.malloc) refers to mvars.o(.data) for __microlib_freelist
    malloc.o(i.malloc) refers to startup_tm4c123.o(HEAP) for __heap_base
    mallocr.o(i.__free$realloc) refers to mvars.o(.data) for __microlib_freelist
    mallocr.o(i.__malloc$realloc) refers to mallocr.o(i.internal_alloc) for internal_alloc
    mallocr.o(i.__malloc$realloc) refers to mvars.o(.data) for __microlib_freelist_initialised
    mallocr.o(i.__malloc$realloc) refers to startup_tm4c123.o(HEAP) for __heap_base
    mallocr.o(i.__malloc$realloc) refers to mvars.o(.data) for __microlib_freelist
    mallocr.o(i.internal_alloc) refers to memcpya.o(.text) for __aeabi_memcpy
    mallocr.o(i.internal_alloc) refers to mvars.o(.data) for __microlib_freelist
    mallocr.o(i.realloc) refers to mallocr.o(i.__free$realloc) for __free$realloc
    mallocr.o(i.realloc) refers to mallocr.o(i.internal_alloc) for internal_alloc
    mallocr.o(i.realloc) refers to mallocr.o(i.__malloc$realloc) for __malloc$realloc
    mallocr.o(i.realloc) refers to mvars.o(.data) for __microlib_freelist
    malloca.o(i.__aligned_malloc) refers to mvars.o(.data) for __microlib_freelist_initialised
    malloca.o(i.__aligned_malloc) refers to mvars.o(.data) for __microlib_freelist
    malloca.o(i.__aligned_malloc) refers to startup_tm4c123.o(HEAP) for __heap_base
    malloca.o(i.__free$memalign) refers to mvars.o(.data) for __microlib_freelist
    malloca.o(i.__malloc$memalign) refers to malloca.o(i.__aligned_malloc) for __aligned_malloc
    mallocra.o(i.__aligned_malloc$realloc) refers to mallocra.o(i.internal_alloc) for internal_alloc
    mallocra.o(i.__aligned_malloc$realloc) refers to mvars.o(.data) for __microlib_freelist_initialised
    mallocra.o(i.__aligned_malloc$realloc) refers to startup_tm4c123.o(HEAP) for __heap_base
    mallocra.o(i.__aligned_malloc$realloc) refers to mvars.o(.data) for __microlib_freelist
    mallocra.o(i.__free$realloc$memalign) refers to mvars.o(.data) for __microlib_freelist
    mallocra.o(i.__malloc$realloc$memalign) refers to mallocra.o(i.__aligned_malloc$realloc) for __aligned_malloc$realloc
    mallocra.o(i.__realloc$memalign) refers to mallocra.o(i.__free$realloc$memalign) for __free$realloc$memalign
    mallocra.o(i.__realloc$memalign) refers to mallocra.o(i.internal_alloc) for internal_alloc
    mallocra.o(i.__realloc$memalign) refers to mallocra.o(i.__malloc$realloc$memalign) for __malloc$realloc$memalign
    mallocra.o(i.__realloc$memalign) refers to mvars.o(.data) for __microlib_freelist
    mallocra.o(i.internal_alloc) refers to memcpya.o(.text) for __aeabi_memcpy
    mallocra.o(i.internal_alloc) refers to mvars.o(.data) for __microlib_freelist
    entry2.o(.ARM.Collect$$$$00000001) refers to entry2.o(.ARM.Collect$$$$00002712) for __lit__00000000
    entry2.o(.ARM.Collect$$$$00002712) refers to startup_tm4c123.o(STACK) for __initial_sp
    entry2.o(__vectab_stack_and_reset_area) refers to startup_tm4c123.o(STACK) for __initial_sp
    entry2.o(__vectab_stack_and_reset_area) refers to entry.o(.ARM.Collect$$$$00000000) for __main
    entry5.o(.ARM.Collect$$$$00000004) refers to init.o(.text) for __scatterload
    entry9a.o(.ARM.Collect$$$$0000000B) refers to main.o(.text) for main
    entry9b.o(.ARM.Collect$$$$0000000C) refers to main.o(.text) for main
    init.o(.text) refers to entry5.o(.ARM.Collect$$$$00000004) for __main_after_scatterload


==============================================================================

Removing Unused input sections from the image.

    Removing main.o(.rev16_text), (4 bytes).
    Removing main.o(.revsh_text), (4 bytes).
    Removing main.o(.rrx_text), (6 bytes).
    Removing project_hardware_init.o(.rev16_text), (4 bytes).
    Removing project_hardware_init.o(.revsh_text), (4 bytes).
    Removing project_hardware_init.o(.rrx_text), (6 bytes).
    Removing project_interrupts.o(.rev16_text), (4 bytes).
    Removing project_interrupts.o(.revsh_text), (4 bytes).
    Removing project_interrupts.o(.rrx_text), (6 bytes).
    Removing project_staff.o(.rev16_text), (4 bytes).
    Removing project_staff.o(.revsh_text), (4 bytes).
    Removing project_staff.o(.rrx_text), (6 bytes).
    Removing project_staff.o(.text), (124 bytes).
    Removing project_staff.o(.constdata), (20 bytes).
    Removing project_staff.o(.data), (2 bytes).
    Removing ps2.o(.rev16_text), (4 bytes).
    Removing ps2.o(.revsh_text), (4 bytes).
    Removing ps2.o(.rrx_text), (6 bytes).
    Removing adc.o(.rev16_text), (4 bytes).
    Removing adc.o(.revsh_text), (4 bytes).
    Removing adc.o(.rrx_text), (6 bytes).
    Removing adc.o(.text), (296 bytes).
    Removing gpio_port.o(.rev16_text), (4 bytes).
    Removing gpio_port.o(.revsh_text), (4 bytes).
    Removing gpio_port.o(.rrx_text), (6 bytes).
    Removing timers.o(.rev16_text), (4 bytes).
    Removing timers.o(.revsh_text), (4 bytes).
    Removing timers.o(.rrx_text), (6 bytes).
    Removing gptimer.o(.rev16_text), (4 bytes).
    Removing gptimer.o(.revsh_text), (4 bytes).
    Removing gptimer.o(.rrx_text), (6 bytes).
    Removing gptimer.o(.text), (892 bytes).
    Removing uart.o(.rev16_text), (4 bytes).
    Removing uart.o(.revsh_text), (4 bytes).
    Removing uart.o(.rrx_text), (6 bytes).
    Removing lcd.o(.rev16_text), (4 bytes).
    Removing lcd.o(.revsh_text), (4 bytes).
    Removing lcd.o(.rrx_text), (6 bytes).
    Removing serial_debug.o(.rev16_text), (4 bytes).
    Removing serial_debug.o(.revsh_text), (4 bytes).
    Removing serial_debug.o(.rrx_text), (6 bytes).
    Removing system_tm4c123.o(.rev16_text), (4 bytes).
    Removing system_tm4c123.o(.revsh_text), (4 bytes).
    Removing system_tm4c123.o(.rrx_text), (6 bytes).

44 unused section(s) (total 1516 bytes) removed from the image.

==============================================================================

Image Symbol Table

    Local Symbols

    Symbol Name                              Value     Ov Type        Size  Object(Section)

    RESET                                    0x00000000   Section      620  startup_tm4c123.o(RESET)
    ../clib/microlib/init/entry.s            0x00000000   Number         0  entry8b.o ABSOLUTE
    ../clib/microlib/init/entry.s            0x00000000   Number         0  entry11b.o ABSOLUTE
    ../clib/microlib/init/entry.s            0x00000000   Number         0  entry11a.o ABSOLUTE
    ../clib/microlib/init/entry.s            0x00000000   Number         0  entry10a.o ABSOLUTE
    ../clib/microlib/init/entry.s            0x00000000   Number         0  entry9b.o ABSOLUTE
    ../clib/microlib/init/entry.s            0x00000000   Number         0  entry.o ABSOLUTE
    ../clib/microlib/init/entry.s            0x00000000   Number         0  entry10b.o ABSOLUTE
    ../clib/microlib/init/entry.s            0x00000000   Number         0  entry9a.o ABSOLUTE
    ../clib/microlib/init/entry.s            0x00000000   Number         0  entry7b.o ABSOLUTE
    ../clib/microlib/init/entry.s            0x00000000   Number         0  entry2.o ABSOLUTE
    ../clib/microlib/init/entry.s            0x00000000   Number         0  entry8a.o ABSOLUTE
    ../clib/microlib/init/entry.s            0x00000000   Number         0  entry7a.o ABSOLUTE
    ../clib/microlib/init/entry.s            0x00000000   Number         0  entry5.o ABSOLUTE
    ../clib/microlib/malloc/malloc.c         0x00000000   Number         0  malloca.o ABSOLUTE
    ../clib/microlib/malloc/malloc.c         0x00000000   Number         0  malloc.o ABSOLUTE
    ../clib/microlib/malloc/malloc.c         0x00000000   Number         0  mallocr.o ABSOLUTE
    ../clib/microlib/malloc/malloc.c         0x00000000   Number         0  mallocra.o ABSOLUTE
    ../clib/microlib/malloc/mvars.c          0x00000000   Number         0  mvars.o ABSOLUTE
    ../clib/microlib/stdio/streams.c         0x00000000   Number         0  stdout.o ABSOLUTE
    ../clib/microlib/string/memcpy.c         0x00000000   Number         0  memcpya.o ABSOLUTE
    ../clib/microlib/string/memcpy.c         0x00000000   Number         0  memcpyb.o ABSOLUTE
    ..\\drivers\\c\\adc.c                    0x00000000   Number         0  adc.o ABSOLUTE
    ..\\drivers\\c\\gpio_port.c              0x00000000   Number         0  gpio_port.o ABSOLUTE
    ..\\drivers\\c\\gptimer.c                0x00000000   Number         0  gptimer.o ABSOLUTE
    ..\\drivers\\c\\timers.c                 0x00000000   Number         0  timers.o ABSOLUTE
    ..\\drivers\\c\\uart.c                   0x00000000   Number         0  uart.o ABSOLUTE
    ..\\peripherals\\c\\lcd.c                0x00000000   Number         0  lcd.o ABSOLUTE
    ..\\peripherals\\c\\serial_debug.c       0x00000000   Number         0  serial_debug.o ABSOLUTE
    ..\drivers\c\adc.c                       0x00000000   Number         0  adc.o ABSOLUTE
    ..\drivers\c\gpio_port.c                 0x00000000   Number         0  gpio_port.o ABSOLUTE
    ..\drivers\c\gptimer.c                   0x00000000   Number         0  gptimer.o ABSOLUTE
    ..\drivers\c\pc_buffer.c                 0x00000000   Number         0  pc_buffer.o ABSOLUTE
    ..\drivers\c\timers.c                    0x00000000   Number         0  timers.o ABSOLUTE
    ..\drivers\c\uart.c                      0x00000000   Number         0  uart.o ABSOLUTE
    ..\peripherals\c\lcd.c                   0x00000000   Number         0  lcd.o ABSOLUTE
    ..\peripherals\c\serial_debug.c          0x00000000   Number         0  serial_debug.o ABSOLUTE
    RTE\Device\TM4C123GH6PM\startup_TM4C123.s 0x00000000   Number         0  startup_tm4c123.o ABSOLUTE
    RTE\Device\TM4C123GH6PM\system_TM4C123.c 0x00000000   Number         0  system_tm4c123.o ABSOLUTE
    RTE\\Device\\TM4C123GH6PM\\system_TM4C123.c 0x00000000   Number         0  system_tm4c123.o ABSOLUTE
    dc.s                                     0x00000000   Number         0  dc.o ABSOLUTE
    handlers.s                               0x00000000   Number         0  handlers.o ABSOLUTE
    init.s                                   0x00000000   Number         0  init.o ABSOLUTE
    main.c                                   0x00000000   Number         0  main.o ABSOLUTE
    main.c                                   0x00000000   Number         0  main.o ABSOLUTE
    project_hardware_init.c                  0x00000000   Number         0  project_hardware_init.o ABSOLUTE
    project_hardware_init.c                  0x00000000   Number         0  project_hardware_init.o ABSOLUTE
    project_images.c                         0x00000000   Number         0  project_images.o ABSOLUTE
    project_interrupts.c                     0x00000000   Number         0  project_interrupts.o ABSOLUTE
    project_interrupts.c                     0x00000000   Number         0  project_interrupts.o ABSOLUTE
    project_staff.c                          0x00000000   Number         0  project_staff.o ABSOLUTE
    project_staff.c                          0x00000000   Number         0  project_staff.o ABSOLUTE
    ps2.c                                    0x00000000   Number         0  ps2.o ABSOLUTE
    ps2.c                                    0x00000000   Number         0  ps2.o ABSOLUTE
    .ARM.Collect$$$$00000000                 0x0000026c   Section        0  entry.o(.ARM.Collect$$$$00000000)
    .ARM.Collect$$$$00000001                 0x0000026c   Section        4  entry2.o(.ARM.Collect$$$$00000001)
    .ARM.Collect$$$$00000004                 0x00000270   Section        4  entry5.o(.ARM.Collect$$$$00000004)
    .ARM.Collect$$$$00000008                 0x00000274   Section        0  entry7b.o(.ARM.Collect$$$$00000008)
    .ARM.Collect$$$$0000000A                 0x00000274   Section        0  entry8b.o(.ARM.Collect$$$$0000000A)
    .ARM.Collect$$$$0000000B                 0x00000274   Section        8  entry9a.o(.ARM.Collect$$$$0000000B)
    .ARM.Collect$$$$0000000D                 0x0000027c   Section        0  entry10a.o(.ARM.Collect$$$$0000000D)
    .ARM.Collect$$$$0000000F                 0x0000027c   Section        0  entry11a.o(.ARM.Collect$$$$0000000F)
    .ARM.Collect$$$$00002712                 0x0000027c   Section        4  entry2.o(.ARM.Collect$$$$00002712)
    __lit__00000000                          0x0000027c   Data           4  entry2.o(.ARM.Collect$$$$00002712)
    .text                                    0x00000280   Section        0  main.o(.text)
    .text                                    0x00000318   Section        0  ps2.o(.text)
    initialize_adc_gpio_pins                 0x00000319   Thumb Code    34  ps2.o(.text)
    ps2_configure_adc                        0x0000033b   Thumb Code   118  ps2.o(.text)
    .text                                    0x00000430   Section        0  gpio_port.o(.text)
    verify_base_addr                         0x00000431   Thumb Code    64  gpio_port.o(.text)
    .text                                    0x000006f4   Section        0  timers.o(.text)
    verify_base_addr                         0x000006f5   Thumb Code    64  timers.o(.text)
    get_clock_masks                          0x0000077f   Thumb Code   106  timers.o(.text)
    .text                                    0x0000093c   Section        0  uart.o(.text)
    .text                                    0x00000bc4   Section        0  pc_buffer.o(.text)
    .text                                    0x00000c40   Section        0  lcd.o(.text)
    lcd_write_cmd_u8                         0x00000c5b   Thumb Code    40  lcd.o(.text)
    lcd_write_data_u8                        0x00000c83   Thumb Code    28  lcd.o(.text)
    lcd_write_data_u16                       0x00000c9f   Thumb Code    48  lcd.o(.text)
    .text                                    0x00001788   Section        0  serial_debug.o(.text)
    .text                                    0x000019a4   Section      252  startup_tm4c123.o(.text)
    $v0                                      0x000019a4   Number         0  startup_tm4c123.o(.text)
    .text                                    0x00001aa0   Section        0  system_tm4c123.o(.text)
    getOscClk                                0x00001aa1   Thumb Code   182  system_tm4c123.o(.text)
    .text                                    0x00001cf0   Section       36  init.o(.text)
    i.__scatterload_copy                     0x00001d14   Section       14  handlers.o(i.__scatterload_copy)
    i.__scatterload_null                     0x00001d22   Section        2  handlers.o(i.__scatterload_null)
    i.__scatterload_zeroinit                 0x00001d24   Section       14  handlers.o(i.__scatterload_zeroinit)
    i.malloc                                 0x00001d34   Section        0  malloc.o(i.malloc)
    .constdata                               0x00001da0   Section      927  project_images.o(.constdata)
    .data                                    0x20000000   Section        2  serial_debug.o(.data)
    Rx_Interrupts_Enabled                    0x20000000   Data           1  serial_debug.o(.data)
    Tx_Interrupts_Enabled                    0x20000001   Data           1  serial_debug.o(.data)
    .data                                    0x20000004   Section        4  system_tm4c123.o(.data)
    .data                                    0x20000008   Section        4  stdout.o(.data)
    .data                                    0x2000000c   Section        4  mvars.o(.data)
    .data                                    0x20000010   Section        4  mvars.o(.data)
    .bss                                     0x20000014   Section       28  serial_debug.o(.bss)
    HEAP                                     0x20000030   Section        0  startup_tm4c123.o(HEAP)
    STACK                                    0x20000030   Section     4096  startup_tm4c123.o(STACK)

    Global Symbols

    Symbol Name                              Value     Ov Type        Size  Object(Section)

    BuildAttributes$$THM_ISAv4$E$P$D$K$B$S$7EM$VFPi3$EXTD16$VFPS$VFMA$PE$A:L22UL41UL21$X:L11$S22US41US21$IEEE1$IW$USESV6$~STKCKD$USESV7$~SHL$OSPACE$EBA8$MICROLIB$REQ8$PRES8$EABIv2 0x00000000   Number         0  anon$$obj.o ABSOLUTE
    __ARM_use_no_argv                        0x00000000   Number         0  main.o ABSOLUTE
    __Vectors                                0x00000000   Data           4  startup_tm4c123.o(RESET)
    __cpp_initialize__aeabi_                  - Undefined Weak Reference
    __cxa_finalize                            - Undefined Weak Reference
    __decompress                              - Undefined Weak Reference
    _clock_init                               - Undefined Weak Reference
    _microlib_exit                            - Undefined Weak Reference
    __Vectors_End                            0x0000026c   Data           0  startup_tm4c123.o(RESET)
    __Vectors_Size                           0x0000026c   Number         0  startup_tm4c123.o ABSOLUTE
    __main                                   0x0000026d   Thumb Code     0  entry.o(.ARM.Collect$$$$00000000)
    _main_stk                                0x0000026d   Thumb Code     0  entry2.o(.ARM.Collect$$$$00000001)
    _main_scatterload                        0x00000271   Thumb Code     0  entry5.o(.ARM.Collect$$$$00000004)
    __main_after_scatterload                 0x00000275   Thumb Code     0  entry5.o(.ARM.Collect$$$$00000004)
    _main_clock                              0x00000275   Thumb Code     0  entry7b.o(.ARM.Collect$$$$00000008)
    _main_cpp_init                           0x00000275   Thumb Code     0  entry8b.o(.ARM.Collect$$$$0000000A)
    _main_init                               0x00000275   Thumb Code     0  entry9a.o(.ARM.Collect$$$$0000000B)
    __rt_final_cpp                           0x0000027d   Thumb Code     0  entry10a.o(.ARM.Collect$$$$0000000D)
    __rt_final_exit                          0x0000027d   Thumb Code     0  entry11a.o(.ARM.Collect$$$$0000000F)
    DisableInterrupts                        0x00000281   Thumb Code     4  main.o(.text)
    EnableInterrupts                         0x00000285   Thumb Code     4  main.o(.text)
    init_hardware                            0x00000289   Thumb Code    72  main.o(.text)
    main                                     0x000002d1   Thumb Code    40  main.o(.text)
    ps2_initialize_adc                       0x000003b1   Thumb Code    88  ps2.o(.text)
    ps2_initialize                           0x00000409   Thumb Code    12  ps2.o(.text)
    ps2_get_x                                0x00000415   Thumb Code     2  ps2.o(.text)
    ps2_get_y                                0x00000417   Thumb Code     2  ps2.o(.text)
    gpio_get_irq_num                         0x00000471   Thumb Code    74  gpio_port.o(.text)
    gpio_enable_port                         0x000004bb   Thumb Code   156  gpio_port.o(.text)
    gpio_config_digital_enable               0x00000557   Thumb Code    34  gpio_port.o(.text)
    gpio_config_enable_output                0x00000579   Thumb Code    34  gpio_port.o(.text)
    gpio_config_enable_input                 0x0000059b   Thumb Code    34  gpio_port.o(.text)
    gpio_config_enable_pullup                0x000005bd   Thumb Code    34  gpio_port.o(.text)
    gpio_config_enable_pulldown              0x000005df   Thumb Code    34  gpio_port.o(.text)
    gpio_config_analog_enable                0x00000601   Thumb Code    34  gpio_port.o(.text)
    gpio_config_alternate_function           0x00000623   Thumb Code    34  gpio_port.o(.text)
    gpio_config_port_control                 0x00000645   Thumb Code    54  gpio_port.o(.text)
    gpio_config_open_drain                   0x0000067b   Thumb Code    34  gpio_port.o(.text)
    gpio_config_falling_edge_irq             0x0000069d   Thumb Code    56  gpio_port.o(.text)
    timer_get_irq_num                        0x00000735   Thumb Code    74  timers.o(.text)
    gp_timer_wait                            0x000007e9   Thumb Code    64  timers.o(.text)
    gp_timer_config_32                       0x00000829   Thumb Code   252  timers.o(.text)
    verify_uart_base                         0x0000093d   Thumb Code    54  uart.o(.text)
    uart_get_rcgc_mask                       0x00000973   Thumb Code    68  uart.o(.text)
    uart_get_pr_mask                         0x000009b7   Thumb Code    68  uart.o(.text)
    uart_get_irq_num                         0x000009fb   Thumb Code    68  uart.o(.text)
    uart_tx_poll                             0x00000a3f   Thumb Code    38  uart.o(.text)
    uart_tx_poll_string                      0x00000a65   Thumb Code    50  uart.o(.text)
    uart_rx_poll                             0x00000a97   Thumb Code    70  uart.o(.text)
    uart_init                                0x00000add   Thumb Code   214  uart.o(.text)
    pc_buffer_init                           0x00000bc5   Thumb Code    26  pc_buffer.o(.text)
    pc_buffer_add                            0x00000bdf   Thumb Code    28  pc_buffer.o(.text)
    pc_buffer_remove                         0x00000bfb   Thumb Code    30  pc_buffer.o(.text)
    pc_buffer_empty                          0x00000c19   Thumb Code    18  pc_buffer.o(.text)
    pc_buffer_full                           0x00000c2b   Thumb Code    22  pc_buffer.o(.text)
    delayms                                  0x00000c41   Thumb Code    26  lcd.o(.text)
    lcd_set_pos                              0x00000ccf   Thumb Code    58  lcd.o(.text)
    lcd_clear_screen                         0x00000d09   Thumb Code    52  lcd.o(.text)
    lcd_draw_box                             0x00000d3d   Thumb Code   138  lcd.o(.text)
    lcd_draw_rectangle                       0x00000dc7   Thumb Code    82  lcd.o(.text)
    lcd_draw_rectangle_centered              0x00000e19   Thumb Code   152  lcd.o(.text)
    lcd_draw_pixel                           0x00000eb1   Thumb Code    28  lcd.o(.text)
    lcd_draw_char                            0x00000ecd   Thumb Code   556  lcd.o(.text)
    lcd_draw_image                           0x000010f9   Thumb Code   242  lcd.o(.text)
    lcd_draw_color_image                     0x000011eb   Thumb Code   142  lcd.o(.text)
    lcd_config_gpio                          0x00001279   Thumb Code   190  lcd.o(.text)
    lcd_config_screen                        0x00001337   Thumb Code   548  lcd.o(.text)
    lcd_draw_line                            0x0000155b   Thumb Code   200  lcd.o(.text)
    lcd_draw_circle                          0x00001623   Thumb Code   356  lcd.o(.text)
    serial_debug_rx                          0x00001789   Thumb Code    46  serial_debug.o(.text)
    serial_debug_tx                          0x000017b7   Thumb Code    72  serial_debug.o(.text)
    fputc                                    0x000017ff   Thumb Code    66  serial_debug.o(.text)
    fgetc                                    0x00001841   Thumb Code    50  serial_debug.o(.text)
    init_serial_debug                        0x00001873   Thumb Code   144  serial_debug.o(.text)
    UART0_Handler                            0x00001903   Thumb Code   136  serial_debug.o(.text)
    Reset_Handler                            0x000019a5   Thumb Code     8  startup_tm4c123.o(.text)
    NMI_Handler                              0x000019ad   Thumb Code     2  startup_tm4c123.o(.text)
    HardFault_Handler                        0x000019af   Thumb Code     2  startup_tm4c123.o(.text)
    MemManage_Handler                        0x000019b1   Thumb Code     2  startup_tm4c123.o(.text)
    BusFault_Handler                         0x000019b3   Thumb Code     2  startup_tm4c123.o(.text)
    UsageFault_Handler                       0x000019b5   Thumb Code     2  startup_tm4c123.o(.text)
    SVC_Handler                              0x000019b7   Thumb Code     2  startup_tm4c123.o(.text)
    DebugMon_Handler                         0x000019b9   Thumb Code     2  startup_tm4c123.o(.text)
    PendSV_Handler                           0x000019bb   Thumb Code     2  startup_tm4c123.o(.text)
    SysTick_Handler                          0x000019bd   Thumb Code     2  startup_tm4c123.o(.text)
    GPIOA_Handler                            0x000019bf   Thumb Code     2  startup_tm4c123.o(.text)
    GPIOB_Handler                            0x000019c1   Thumb Code     2  startup_tm4c123.o(.text)
    GPIOC_Handler                            0x000019c3   Thumb Code     2  startup_tm4c123.o(.text)
    GPIOD_Handler                            0x000019c5   Thumb Code     2  startup_tm4c123.o(.text)
    GPIOE_Handler                            0x000019c7   Thumb Code     2  startup_tm4c123.o(.text)
    UART1_Handler                            0x000019cb   Thumb Code     2  startup_tm4c123.o(.text)
    SSI0_Handler                             0x000019cd   Thumb Code     2  startup_tm4c123.o(.text)
    I2C0_Handler                             0x000019cf   Thumb Code     2  startup_tm4c123.o(.text)
    PMW0_FAULT_Handler                       0x000019d1   Thumb Code     2  startup_tm4c123.o(.text)
    PWM0_0_Handler                           0x000019d3   Thumb Code     2  startup_tm4c123.o(.text)
    PWM0_1_Handler                           0x000019d5   Thumb Code     2  startup_tm4c123.o(.text)
    PWM0_2_Handler                           0x000019d7   Thumb Code     2  startup_tm4c123.o(.text)
    QEI0_Handler                             0x000019d9   Thumb Code     2  startup_tm4c123.o(.text)
    ADC0SS0_Handler                          0x000019db   Thumb Code     2  startup_tm4c123.o(.text)
    ADC0SS1_Handler                          0x000019dd   Thumb Code     2  startup_tm4c123.o(.text)
    ADC0SS2_Handler                          0x000019df   Thumb Code     2  startup_tm4c123.o(.text)
    ADC0SS3_Handler                          0x000019e1   Thumb Code     2  startup_tm4c123.o(.text)
    WDT0_Handler                             0x000019e3   Thumb Code     2  startup_tm4c123.o(.text)
    TIMER0A_Handler                          0x000019e5   Thumb Code     2  startup_tm4c123.o(.text)
    TIMER0B_Handler                          0x000019e7   Thumb Code     2  startup_tm4c123.o(.text)
    TIMER1A_Handler                          0x000019e9   Thumb Code     2  startup_tm4c123.o(.text)
    TIMER1B_Handler                          0x000019eb   Thumb Code     2  startup_tm4c123.o(.text)
    TIMER2A_Handler                          0x000019ed   Thumb Code     2  startup_tm4c123.o(.text)
    TIMER2B_Handler                          0x000019ef   Thumb Code     2  startup_tm4c123.o(.text)
    COMP0_Handler                            0x000019f1   Thumb Code     2  startup_tm4c123.o(.text)
    COMP1_Handler                            0x000019f3   Thumb Code     2  startup_tm4c123.o(.text)
    COMP2_Handler                            0x000019f5   Thumb Code     2  startup_tm4c123.o(.text)
    SYSCTL_Handler                           0x000019f7   Thumb Code     2  startup_tm4c123.o(.text)
    FLASH_Handler                            0x000019f9   Thumb Code     2  startup_tm4c123.o(.text)
    GPIOF_Handler                            0x000019fb   Thumb Code     2  startup_tm4c123.o(.text)
    GPIOG_Handler                            0x000019fd   Thumb Code     2  startup_tm4c123.o(.text)
    GPIOH_Handler                            0x000019ff   Thumb Code     2  startup_tm4c123.o(.text)
    UART2_Handler                            0x00001a01   Thumb Code     2  startup_tm4c123.o(.text)
    SSI1_Handler                             0x00001a03   Thumb Code     2  startup_tm4c123.o(.text)
    TIMER3A_Handler                          0x00001a05   Thumb Code     2  startup_tm4c123.o(.text)
    TIMER3B_Handler                          0x00001a07   Thumb Code     2  startup_tm4c123.o(.text)
    I2C1_Handler                             0x00001a09   Thumb Code     2  startup_tm4c123.o(.text)
    QEI1_Handler                             0x00001a0b   Thumb Code     2  startup_tm4c123.o(.text)
    CAN0_Handler                             0x00001a0d   Thumb Code     2  startup_tm4c123.o(.text)
    CAN1_Handler                             0x00001a0f   Thumb Code     2  startup_tm4c123.o(.text)
    CAN2_Handler                             0x00001a11   Thumb Code     2  startup_tm4c123.o(.text)
    HIB_Handler                              0x00001a13   Thumb Code     2  startup_tm4c123.o(.text)
    USB0_Handler                             0x00001a15   Thumb Code     2  startup_tm4c123.o(.text)
    PWM0_3_Handler                           0x00001a17   Thumb Code     2  startup_tm4c123.o(.text)
    UDMA_Handler                             0x00001a19   Thumb Code     2  startup_tm4c123.o(.text)
    UDMAERR_Handler                          0x00001a1b   Thumb Code     2  startup_tm4c123.o(.text)
    ADC1SS0_Handler                          0x00001a1d   Thumb Code     2  startup_tm4c123.o(.text)
    ADC1SS1_Handler                          0x00001a1f   Thumb Code     2  startup_tm4c123.o(.text)
    ADC1SS2_Handler                          0x00001a21   Thumb Code     2  startup_tm4c123.o(.text)
    ADC1SS3_Handler                          0x00001a23   Thumb Code     2  startup_tm4c123.o(.text)
    GPIOJ_Handler                            0x00001a25   Thumb Code     2  startup_tm4c123.o(.text)
    GPIOK_Handler                            0x00001a27   Thumb Code     2  startup_tm4c123.o(.text)
    GPIOL_Handler                            0x00001a29   Thumb Code     2  startup_tm4c123.o(.text)
    SSI2_Handler                             0x00001a2b   Thumb Code     2  startup_tm4c123.o(.text)
    SSI3_Handler                             0x00001a2d   Thumb Code     2  startup_tm4c123.o(.text)
    UART3_Handler                            0x00001a2f   Thumb Code     2  startup_tm4c123.o(.text)
    UART4_Handler                            0x00001a31   Thumb Code     2  startup_tm4c123.o(.text)
    UART5_Handler                            0x00001a33   Thumb Code     2  startup_tm4c123.o(.text)
    UART6_Handler                            0x00001a35   Thumb Code     2  startup_tm4c123.o(.text)
    UART7_Handler                            0x00001a37   Thumb Code     2  startup_tm4c123.o(.text)
    I2C2_Handler                             0x00001a39   Thumb Code     2  startup_tm4c123.o(.text)
    I2C3_Handler                             0x00001a3b   Thumb Code     2  startup_tm4c123.o(.text)
    TIMER4A_Handler                          0x00001a3d   Thumb Code     2  startup_tm4c123.o(.text)
    TIMER4B_Handler                          0x00001a3f   Thumb Code     2  startup_tm4c123.o(.text)
    TIMER5A_Handler                          0x00001a41   Thumb Code     2  startup_tm4c123.o(.text)
    TIMER5B_Handler                          0x00001a43   Thumb Code     2  startup_tm4c123.o(.text)
    WTIMER0A_Handler                         0x00001a45   Thumb Code     2  startup_tm4c123.o(.text)
    WTIMER0B_Handler                         0x00001a47   Thumb Code     2  startup_tm4c123.o(.text)
    WTIMER1A_Handler                         0x00001a49   Thumb Code     2  startup_tm4c123.o(.text)
    WTIMER1B_Handler                         0x00001a4b   Thumb Code     2  startup_tm4c123.o(.text)
    WTIMER2A_Handler                         0x00001a4d   Thumb Code     2  startup_tm4c123.o(.text)
    WTIMER2B_Handler                         0x00001a4f   Thumb Code     2  startup_tm4c123.o(.text)
    WTIMER3A_Handler                         0x00001a51   Thumb Code     2  startup_tm4c123.o(.text)
    WTIMER3B_Handler                         0x00001a53   Thumb Code     2  startup_tm4c123.o(.text)
    WTIMER4A_Handler                         0x00001a55   Thumb Code     2  startup_tm4c123.o(.text)
    WTIMER4B_Handler                         0x00001a57   Thumb Code     2  startup_tm4c123.o(.text)
    WTIMER5A_Handler                         0x00001a59   Thumb Code     2  startup_tm4c123.o(.text)
    WTIMER5B_Handler                         0x00001a5b   Thumb Code     2  startup_tm4c123.o(.text)
    FPU_Handler                              0x00001a5d   Thumb Code     2  startup_tm4c123.o(.text)
    I2C4_Handler                             0x00001a5f   Thumb Code     2  startup_tm4c123.o(.text)
    I2C5_Handler                             0x00001a61   Thumb Code     2  startup_tm4c123.o(.text)
    GPIOM_Handler                            0x00001a63   Thumb Code     2  startup_tm4c123.o(.text)
    GPION_Handler                            0x00001a65   Thumb Code     2  startup_tm4c123.o(.text)
    QEI2_Handler                             0x00001a67   Thumb Code     2  startup_tm4c123.o(.text)
    GPIOP0_Handler                           0x00001a69   Thumb Code     2  startup_tm4c123.o(.text)
    GPIOP1_Handler                           0x00001a6b   Thumb Code     2  startup_tm4c123.o(.text)
    GPIOP2_Handler                           0x00001a6d   Thumb Code     2  startup_tm4c123.o(.text)
    GPIOP3_Handler                           0x00001a6f   Thumb Code     2  startup_tm4c123.o(.text)
    GPIOP4_Handler                           0x00001a71   Thumb Code     2  startup_tm4c123.o(.text)
    GPIOP5_Handler                           0x00001a73   Thumb Code     2  startup_tm4c123.o(.text)
    GPIOP6_Handler                           0x00001a75   Thumb Code     2  startup_tm4c123.o(.text)
    GPIOP7_Handler                           0x00001a77   Thumb Code     2  startup_tm4c123.o(.text)
    GPIOQ0_Handler                           0x00001a79   Thumb Code     2  startup_tm4c123.o(.text)
    GPIOQ1_Handler                           0x00001a7b   Thumb Code     2  startup_tm4c123.o(.text)
    GPIOQ2_Handler                           0x00001a7d   Thumb Code     2  startup_tm4c123.o(.text)
    GPIOQ3_Handler                           0x00001a7f   Thumb Code     2  startup_tm4c123.o(.text)
    GPIOQ4_Handler                           0x00001a81   Thumb Code     2  startup_tm4c123.o(.text)
    GPIOQ5_Handler                           0x00001a83   Thumb Code     2  startup_tm4c123.o(.text)
    GPIOQ6_Handler                           0x00001a85   Thumb Code     2  startup_tm4c123.o(.text)
    GPIOQ7_Handler                           0x00001a87   Thumb Code     2  startup_tm4c123.o(.text)
    GPIOR_Handler                            0x00001a89   Thumb Code     2  startup_tm4c123.o(.text)
    GPIOS_Handler                            0x00001a8b   Thumb Code     2  startup_tm4c123.o(.text)
    PMW1_0_Handler                           0x00001a8d   Thumb Code     2  startup_tm4c123.o(.text)
    PWM1_1_Handler                           0x00001a8f   Thumb Code     2  startup_tm4c123.o(.text)
    PWM1_2_Handler                           0x00001a91   Thumb Code     2  startup_tm4c123.o(.text)
    PWM1_3_Handler                           0x00001a93   Thumb Code     2  startup_tm4c123.o(.text)
    PWM1_FAULT_Handler                       0x00001a95   Thumb Code     2  startup_tm4c123.o(.text)
    SystemCoreClockUpdate                    0x00001b57   Thumb Code   184  system_tm4c123.o(.text)
    SystemInit                               0x00001c0f   Thumb Code   112  system_tm4c123.o(.text)
    __scatterload                            0x00001cf1   Thumb Code    28  init.o(.text)
    __scatterload_rt2                        0x00001cf1   Thumb Code     0  init.o(.text)
    __scatterload_copy                       0x00001d15   Thumb Code    14  handlers.o(i.__scatterload_copy)
    __scatterload_null                       0x00001d23   Thumb Code     2  handlers.o(i.__scatterload_null)
    __scatterload_zeroinit                   0x00001d25   Thumb Code    14  handlers.o(i.__scatterload_zeroinit)
    malloc                                   0x00001d35   Thumb Code    92  malloc.o(i.malloc)
    space_shipBitmaps                        0x00001da0   Data         252  project_images.o(.constdata)
    space_shipWidthPixels                    0x00001e9c   Data           1  project_images.o(.constdata)
    space_shipHeightPixels                   0x00001e9d   Data           1  project_images.o(.constdata)
    invaderBitmaps                           0x00001e9e   Data         671  project_images.o(.constdata)
    invaderWidthPixels                       0x0000213d   Data           1  project_images.o(.constdata)
    invaderHeightPixels                      0x0000213e   Data           1  project_images.o(.constdata)
    Region$$Table$$Base                      0x00002140   Number         0  anon$$obj.o(Region$$Table)
    Region$$Table$$Limit                     0x00002160   Number         0  anon$$obj.o(Region$$Table)
    SystemCoreClock                          0x20000004   Data           4  system_tm4c123.o(.data)
    __stdout                                 0x20000008   Data           4  stdout.o(.data)
    __microlib_freelist                      0x2000000c   Data           4  mvars.o(.data)
    __microlib_freelist_initialised          0x20000010   Data           4  mvars.o(.data)
    UART0_Tx_Buffer                          0x20000014   Data          14  serial_debug.o(.bss)
    UART0_Rx_Buffer                          0x20000022   Data          14  serial_debug.o(.bss)
    __heap_base                              0x20000030   Data           0  startup_tm4c123.o(HEAP)
    __heap_limit                             0x20000030   Data           0  startup_tm4c123.o(HEAP)
    __initial_sp                             0x20001030   Data           0  startup_tm4c123.o(STACK)



==============================================================================

Memory Map of the image

  Image Entry point : 0x000019a5

  Load Region LR_1 (Base: 0x00000000, Size: 0x00002174, Max: 0xffffffff, ABSOLUTE)

    Execution Region ER_RO (Exec base: 0x00000000, Load base: 0x00000000, Size: 0x00002160, Max: 0xffffffff, ABSOLUTE)

    Exec Addr    Load Addr    Size         Type   Attr      Idx    E Section Name        Object

    0x00000000   0x00000000   0x0000026c   Data   RO          424    RESET               startup_tm4c123.o
    0x0000026c   0x0000026c   0x00000000   Code   RO          459  * .ARM.Collect$$$$00000000  mc_w.l(entry.o)
    0x0000026c   0x0000026c   0x00000004   Code   RO          491    .ARM.Collect$$$$00000001  mc_w.l(entry2.o)
    0x00000270   0x00000270   0x00000004   Code   RO          494    .ARM.Collect$$$$00000004  mc_w.l(entry5.o)
    0x00000274   0x00000274   0x00000000   Code   RO          496    .ARM.Collect$$$$00000008  mc_w.l(entry7b.o)
    0x00000274   0x00000274   0x00000000   Code   RO          498    .ARM.Collect$$$$0000000A  mc_w.l(entry8b.o)
    0x00000274   0x00000274   0x00000008   Code   RO          499    .ARM.Collect$$$$0000000B  mc_w.l(entry9a.o)
    0x0000027c   0x0000027c   0x00000000   Code   RO          501    .ARM.Collect$$$$0000000D  mc_w.l(entry10a.o)
    0x0000027c   0x0000027c   0x00000000   Code   RO          503    .ARM.Collect$$$$0000000F  mc_w.l(entry11a.o)
    0x0000027c   0x0000027c   0x00000004   Code   RO          492    .ARM.Collect$$$$00002712  mc_w.l(entry2.o)
    0x00000280   0x00000280   0x00000098   Code   RO            4    .text               main.o
    0x00000318   0x00000318   0x00000118   Code   RO          192    .text               ps2.o
    0x00000430   0x00000430   0x000002c4   Code   RO          244    .text               gpio_port.o
    0x000006f4   0x000006f4   0x00000248   Code   RO          268    .text               timers.o
    0x0000093c   0x0000093c   0x00000288   Code   RO          320    .text               uart.o
    0x00000bc4   0x00000bc4   0x0000007c   Code   RO          344    .text               pc_buffer.o
    0x00000c40   0x00000c40   0x00000b46   Code   RO          365    .text               lcd.o
    0x00001786   0x00001786   0x00000002   PAD
    0x00001788   0x00001788   0x0000021c   Code   RO          389    .text               serial_debug.o
    0x000019a4   0x000019a4   0x000000fc   Code   RO          425  * .text               startup_tm4c123.o
    0x00001aa0   0x00001aa0   0x00000250   Code   RO          432    .text               system_tm4c123.o
    0x00001cf0   0x00001cf0   0x00000024   Code   RO          511    .text               mc_w.l(init.o)
    0x00001d14   0x00001d14   0x0000000e   Code   RO          515    i.__scatterload_copy  mc_w.l(handlers.o)
    0x00001d22   0x00001d22   0x00000002   Code   RO          516    i.__scatterload_null  mc_w.l(handlers.o)
    0x00001d24   0x00001d24   0x0000000e   Code   RO          517    i.__scatterload_zeroinit  mc_w.l(handlers.o)
    0x00001d32   0x00001d32   0x00000002   PAD
    0x00001d34   0x00001d34   0x0000006c   Code   RO          464    i.malloc            mc_w.l(malloc.o)
    0x00001da0   0x00001da0   0x0000039f   Data   RO          150    .constdata          project_images.o
    0x0000213f   0x0000213f   0x00000001   PAD
    0x00002140   0x00002140   0x00000020   Data   RO          513    Region$$Table       anon$$obj.o


    Execution Region ER_RW (Exec base: 0x20000000, Load base: 0x00002160, Size: 0x00000014, Max: 0xffffffff, ABSOLUTE)

    Exec Addr    Load Addr    Size         Type   Attr      Idx    E Section Name        Object

    0x20000000   0x00002160   0x00000002   Data   RW          391    .data               serial_debug.o
    0x20000002   0x00002162   0x00000002   PAD
    0x20000004   0x00002164   0x00000004   Data   RW          433    .data               system_tm4c123.o
    0x20000008   0x00002168   0x00000004   Data   RW          462    .data               mc_w.l(stdout.o)
    0x2000000c   0x0000216c   0x00000004   Data   RW          509    .data               mc_w.l(mvars.o)
    0x20000010   0x00002170   0x00000004   Data   RW          510    .data               mc_w.l(mvars.o)


    Execution Region ER_ZI (Exec base: 0x20000014, Load base: 0x00002174, Size: 0x0000101c, Max: 0xffffffff, ABSOLUTE)

    Exec Addr    Load Addr    Size         Type   Attr      Idx    E Section Name        Object

    0x20000014        -       0x0000001c   Zero   RW          390    .bss                serial_debug.o
    0x20000030        -       0x00000000   Zero   RW          423    HEAP                startup_tm4c123.o
    0x20000030        -       0x00001000   Zero   RW          422    STACK               startup_tm4c123.o


==============================================================================

Image component sizes


      Code (inc. data)   RO Data    RW Data    ZI Data      Debug   Object Name

       708         32          0          0          0       5134   gpio_port.o
      2886         28          0          0          0       8204   lcd.o
       152         32          0          0          0      27628   main.o
       124          0          0          0          0       2383   pc_buffer.o
         0          0        927          0          0        771   project_images.o
       280         24          0          0          0      31619   ps2.o
       540         26          0          2         28       5501   serial_debug.o
       252         10        620          0       4096       5428   startup_tm4c123.o
       592        138          0          4          0       1529   system_tm4c123.o
       584         24          0          0          0       2769   timers.o
       648         50          0          0          0       3464   uart.o

    ----------------------------------------------------------------------
      6768        364       1580          8       4124      94430   Object Totals
         0          0         32          0          0          0   (incl. Generated)
         2          0          1          2          0          0   (incl. Padding)

    ----------------------------------------------------------------------

      Code (inc. data)   RO Data    RW Data    ZI Data      Debug   Library Member Name

         0          0          0          0          0          0   entry.o
         0          0          0          0          0          0   entry10a.o
         0          0          0          0          0          0   entry11a.o
         8          4          0          0          0          0   entry2.o
         4          0          0          0          0          0   entry5.o
         0          0          0          0          0          0   entry7b.o
         0          0          0          0          0          0   entry8b.o
         8          4          0          0          0          0   entry9a.o
        30          0          0          0          0          0   handlers.o
        36          8          0          0          0         68   init.o
       108         16          0          0          0         84   malloc.o
         0          0          0          8          0          0   mvars.o
         0          0          0          4          0          0   stdout.o

    ----------------------------------------------------------------------
       196         32          0         12          0        152   Library Totals
         2          0          0          0          0          0   (incl. Padding)

    ----------------------------------------------------------------------

      Code (inc. data)   RO Data    RW Data    ZI Data      Debug   Library Name

       194         32          0         12          0        152   mc_w.l

    ----------------------------------------------------------------------
       196         32          0         12          0        152   Library Totals

    ----------------------------------------------------------------------

==============================================================================


      Code (inc. data)   RO Data    RW Data    ZI Data      Debug   

      6964        396       1580         20       4124      93386   Grand Totals
      6964        396       1580         20       4124      93386   ELF Image Totals
      6964        396       1580         20          0          0   ROM Totals

==============================================================================

    Total RO  Size (Code + RO Data)                 8544 (   8.34kB)
    Total RW  Size (RW Data + ZI Data)              4144 (   4.05kB)
    Total ROM Size (Code + RO Data + RW Data)       8564 (   8.36kB)

==============================================================================

